<?xml version="1.0" encoding="utf-8"?>
<TestRun id="3acb3bee-74a7-41bf-99d2-4693bb4c99f3" name="lucas@LUCAS-GOSTOSO 2026-09-28 09:33:15" runUser="LUCAS-GOSTOSO\lucas" xmlns="http://microsoft.com/schemas/VisualStudio/TeamTest/2010">
  <Times creation="2026-09-28T09:33:15.5642921-03:00" queuing="2026-09-28T09:33:15.5642925-03:00" start="2026-09-28T09:33:13.0826549-03:00" finish="2026-09-28T09:33:17.0475653-03:00" />
  <TestSettings name="default" id="9b8543bb-09e8-4ccf-a6f4-7006eecc3903">
    <Deployment runDeploymentRoot="lucas_LUCAS-GOSTOSO_2026-09-28_09_33_15" />
  </TestSettings>
  <Results>
    <UnitTestResult executionId="18d1afcc-8b20-4bf4-9297-bdc78a8d7ae6" testId="04197301-9ad6-3c02-eaa9-5719cbe4caed" testName="GymTrack.Tests.WorkoutEditViewModelTests.SaveAsync_InvalidInput_DoesNotCallDao(name: &quot;Treino&quot;, plannedSets: 3, plannedReps: &quot;10&quot;, plannedLoad: &quot;-1&quot;, expectedMessage: &quot;carga&quot;)" computerName="LUCAS-GOSTOSO" duration="00:00:00.0004676" startTime="2026-09-28T09:33:15.5450383-03:00" endTime="2026-09-28T09:33:15.5453390-03:00" testType="13cdc9d9-ddb5-4fa4-a97d-d965ccfc6d4b" outcome="Passed" testListId="8c84fa94-04c1-424b-9868-57a2d4851a1d" relativeResultsDirectory="18d1afcc-8b20-4bf4-9297-bdc78a8d7ae6" />
    <UnitTestResult executionId="f46c7619-2fa8-480d-aab0-a62acc164d60" testId="5481c982-b6d8-52a0-ca64-5d05c3d7193a" testName="GymTrack.Tests.ExerciseViewModelTests.LoadAsync_PopulatesActiveExercises" computerName="LUCAS-GOSTOSO" duration="00:00:00.0009781" startTime="2026-09-28T09:33:15.8038526-03:00" endTime="2026-09-28T09:33:15.8046525-03:00" testType="13cdc9d9-ddb5-4fa4-a97d-d965ccfc6d4b" outcome="Passed" testListId="8c84fa94-04c1-424b-9868-57a2d4851a1d" relativeResultsDirectory="f46c7619-2fa8-480d-aab0-a62acc164d60" />
    <UnitTestResult executionId="0730d999-6c98-4e75-85e7-7bdac90d9f00" testId="0e487aa2-766e-adc1-5ed1-0effb314fd18" testName="GymTrack.Tests.ExerciseViewModelTests.RemoveAsync_WithReferences_ArchivesExercise" computerName="LUCAS-GOSTOSO" duration="00:00:00.0029797" startTime="2026-09-28T09:33:15.5527908-03:00" endTime="2026-09-28T09:33:15.5545174-03:00" testType="13cdc9d9-ddb5-4fa4-a97d-d965ccfc6d4b" outcome="Passed" testListId="8c84fa94-04c1-424b-9868-57a2d4851a1d" relativeResultsDirectory="0730d999-6c98-4e75-85e7-7bdac90d9f00" />
    <UnitTestResult executionId="fb7c7379-98ab-4c78-8a0f-a10421687dba" testId="0e51f94c-e9b2-83fb-27df-7bb66846b8d6" testName="GymTrack.Tests.WorkoutSessionViewModelTests.RequestExit_OnlyClosesAfterConfirmationAndKeepsSessionActive" computerName="LUCAS-GOSTOSO" duration="00:00:00.1466846" startTime="2026-09-28T09:33:15.3920698-03:00" endTime="2026-09-28T09:33:15.5362075-03:00" testType="13cdc9d9-ddb5-4fa4-a97d-d965ccfc6d4b" outcome="Passed" testListId="8c84fa94-04c1-424b-9868-57a2d4851a1d" relativeResultsDirectory="fb7c7379-98ab-4c78-8a0f-a10421687dba" />
    <UnitTestResult executionId="d5ae655e-b551-4510-b247-849dadb51af3" testId="b1844a79-7b42-14ca-726b-c6a3ebe05930" testName="GymTrack.Tests.WorkoutsViewModelTests.AddAndManageCommands_RequestTheExpectedRoutes" computerName="LUCAS-GOSTOSO" duration="00:00:00.0029768" startTime="2026-09-28T09:33:15.5299855-03:00" endTime="2026-09-28T09:33:15.5353255-03:00" testType="13cdc9d9-ddb5-4fa4-a97d-d965ccfc6d4b" outcome="Passed" testListId="8c84fa94-04c1-424b-9868-57a2d4851a1d" relativeResultsDirectory="d5ae655e-b551-4510-b247-849dadb51af3" />
    <UnitTestResult executionId="43ab4048-e751-4f20-ae7d-dd48d701f3d3" testId="edc3bfdf-b8ef-651c-bd3f-1a0af8338774" testName="GymTrack.Tests.WorkoutSessionViewModelTests.AddAndRemoveSet_UpdatesPlannedProgress" computerName="LUCAS-GOSTOSO" duration="00:00:00.0031735" startTime="2026-09-28T09:33:15.5526436-03:00" endTime="2026-09-28T09:33:15.5528289-03:00" testType="13cdc9d9-ddb5-4fa4-a97d-d965ccfc6d4b" outcome="Passed" testListId="8c84fa94-04c1-424b-9868-57a2d4851a1d" relativeResultsDirectory="43ab4048-e751-4f20-ae7d-dd48d701f3d3" />
    <UnitTestResult executionId="cc0a264a-eb57-4c37-b874-b10bbcd7a83f" testId="cd5548c7-7d4d-1c30-8840-982ce1fecd6c" testName="GymTrack.Tests.WorkoutEditViewModelTests.SaveAsync_InvalidInput_DoesNotCallDao(name: &quot;A&quot;, plannedSets: 3, plannedReps: &quot;10&quot;, plannedLoad: &quot;&quot;, expectedMessage: &quot;nome&quot;)" computerName="LUCAS-GOSTOSO" duration="00:00:00.0000259" startTime="2026-09-28T09:33:15.5454050-03:00" endTime="2026-09-28T09:33:15.5454415-03:00" testType="13cdc9d9-ddb5-4fa4-a97d-d965ccfc6d4b" outcome="Passed" testListId="8c84fa94-04c1-424b-9868-57a2d4851a1d" relativeResultsDirectory="cc0a264a-eb57-4c37-b874-b10bbcd7a83f" />
    <UnitTestResult executionId="aa9609ea-7d3f-4a60-8ff7-9900da393cb1" testId="8471edcf-cc56-0e35-1a78-b33212b57c42" testName="GymTrack.Tests.WorkoutEditViewModelTests.SaveAsync_InvalidInput_DoesNotCallDao(name: &quot;Treino&quot;, plannedSets: 0, plannedReps: &quot;10&quot;, plannedLoad: &quot;&quot;, expectedMessage: &quot;séries&quot;)" computerName="LUCAS-GOSTOSO" duration="00:00:00.0000232" startTime="2026-09-28T09:33:15.5482890-03:00" endTime="2026-09-28T09:33:15.5483586-03:00" testType="13cdc9d9-ddb5-4fa4-a97d-d965ccfc6d4b" outcome="Passed" testListId="8c84fa94-04c1-424b-9868-57a2d4851a1d" relativeResultsDirectory="aa9609ea-7d3f-4a60-8ff7-9900da393cb1" />
    <UnitTestResult executionId="0695f6ec-6b85-439b-93bf-819fe81b12fd" testId="f3fac423-dcfe-386a-83d8-b92f8cff974c" testName="GymTrack.Tests.SessionDaoTests.ActiveSessionAndPreviousPerformance_CanBeLoaded" computerName="LUCAS-GOSTOSO" duration="00:00:00.5178941" startTime="2026-09-28T09:33:15.3898004-03:00" endTime="2026-09-28T09:33:15.8847361-03:00" testType="13cdc9d9-ddb5-4fa4-a97d-d965ccfc6d4b" outcome="Passed" testListId="8c84fa94-04c1-424b-9868-57a2d4851a1d" relativeResultsDirectory="0695f6ec-6b85-439b-93bf-819fe81b12fd" />
    <UnitTestResult executionId="b9d538e2-df8d-4590-8bc8-9858eaaa1691" testId="c2028900-b1a6-ba88-1af8-af50b653c3bb" testName="GymTrack.Tests.SessionDaoTests.HistorySummaries_AreFilteredOrderedAndCalculateVolume" computerName="LUCAS-GOSTOSO" duration="00:00:00.1143145" startTime="2026-09-28T09:33:16.0391744-03:00" endTime="2026-09-28T09:33:16.1537430-03:00" testType="13cdc9d9-ddb5-4fa4-a97d-d965ccfc6d4b" outcome="Passed" testListId="8c84fa94-04c1-424b-9868-57a2d4851a1d" relativeResultsDirectory="b9d538e2-df8d-4590-8bc8-9858eaaa1691" />
    <UnitTestResult executionId="828f455d-5bb3-4991-a5be-7344c7d1b40f" testId="78fd7e52-50d9-a1ea-3c6e-8940fbdc5336" testName="GymTrack.Tests.DatabaseInitializationTests.InitializeAsync_CreatesFiveTablesAndRequiredIndexes" computerName="LUCAS-GOSTOSO" duration="00:00:00.0940347" startTime="2026-09-28T09:33:15.9462163-03:00" endTime="2026-09-28T09:33:16.0401950-03:00" testType="13cdc9d9-ddb5-4fa4-a97d-d965ccfc6d4b" outcome="Passed" testListId="8c84fa94-04c1-424b-9868-57a2d4851a1d" relativeResultsDirectory="828f455d-5bb3-4991-a5be-7344c7d1b40f" />
    <UnitTestResult executionId="67f693a9-6929-4808-b2f6-78b01aa3ec6a" testId="12aa7556-444b-b3b5-14f6-1750cd105600" testName="GymTrack.Tests.ExerciseDaoTests.DeleteAsync_WithWorkoutReference_IsRejectedAndArchivePreservesExercise" computerName="LUCAS-GOSTOSO" duration="00:00:00.1250323" startTime="2026-09-28T09:33:15.8970073-03:00" endTime="2026-09-28T09:33:16.0222040-03:00" testType="13cdc9d9-ddb5-4fa4-a97d-d965ccfc6d4b" outcome="Passed" testListId="8c84fa94-04c1-424b-9868-57a2d4851a1d" relativeResultsDirectory="67f693a9-6929-4808-b2f6-78b01aa3ec6a" />
    <UnitTestResult executionId="4e4d4c38-64ac-4ade-8650-79b0aff11db3" testId="ba2a72df-c299-d9d7-fec4-98012a7be2d2" testName="GymTrack.Tests.WorkoutsViewModelTests.DeleteDraftWorkout_WhenCancelled_DoesNotDelete" computerName="LUCAS-GOSTOSO" duration="00:00:00.0006576" startTime="2026-09-28T09:33:15.5502827-03:00" endTime="2026-09-28T09:33:15.5503751-03:00" testType="13cdc9d9-ddb5-4fa4-a97d-d965ccfc6d4b" outcome="Passed" testListId="8c84fa94-04c1-424b-9868-57a2d4851a1d" relativeResultsDirectory="4e4d4c38-64ac-4ade-8650-79b0aff11db3" />
    <UnitTestResult executionId="d323caf5-cfe4-486a-bce2-14f30862c33a" testId="5b6d0481-aa6a-4867-2e68-dcc3947a8ff0" testName="GymTrack.Tests.WorkoutEditViewModelTests.CompositionCommands_MoveAndRemoveExercises" computerName="LUCAS-GOSTOSO" duration="00:00:00.0213971" startTime="2026-09-28T09:33:15.5486392-03:00" endTime="2026-09-28T09:33:15.5532702-03:00" testType="13cdc9d9-ddb5-4fa4-a97d-d965ccfc6d4b" outcome="Passed" testListId="8c84fa94-04c1-424b-9868-57a2d4851a1d" relativeResultsDirectory="d323caf5-cfe4-486a-bce2-14f30862c33a" />
    <UnitTestResult executionId="c840ddb4-49d4-45c9-a041-204546ab4394" testId="1cf6307d-9f13-da89-1968-aa0b0a334a6e" testName="GymTrack.Tests.ExerciseViewModelTests.SaveAsync_InvalidData_DoesNotPersist(name: &quot;AAAAAAAAAAAAAAAAAAAAAAAAAAAAAAAAAAAAAAAAAAAAAAAAAA&quot;···, muscleGroup: &quot;Peito&quot;, notes: &quot;&quot;)" computerName="LUCAS-GOSTOSO" duration="00:00:00.0003450" startTime="2026-09-28T09:33:15.5360790-03:00" endTime="2026-09-28T09:33:15.5446819-03:00" testType="13cdc9d9-ddb5-4fa4-a97d-d965ccfc6d4b" outcome="Passed" testListId="8c84fa94-04c1-424b-9868-57a2d4851a1d" relativeResultsDirectory="c840ddb4-49d4-45c9-a041-204546ab4394" />
    <UnitTestResult executionId="f1fe9c21-9ad8-4cdb-9802-00624a4b050d" testId="4e0eaa06-3ef0-f60a-0758-6affa42eab35" testName="GymTrack.Tests.ExerciseViewModelTests.SaveAsync_InvalidData_DoesNotPersist(name: &quot;&quot;, muscleGroup: &quot;Peito&quot;, notes: &quot;&quot;)" computerName="LUCAS-GOSTOSO" duration="00:00:00.0000170" startTime="2026-09-28T09:33:15.5451381-03:00" endTime="2026-09-28T09:33:15.5451828-03:00" testType="13cdc9d9-ddb5-4fa4-a97d-d965ccfc6d4b" outcome="Passed" testListId="8c84fa94-04c1-424b-9868-57a2d4851a1d" relativeResultsDirectory="f1fe9c21-9ad8-4cdb-9802-00624a4b050d" />
    <UnitTestResult executionId="078bb80f-d585-4334-9f4b-8817658dbedd" testId="745c2c26-8651-ec70-920e-6efb9be74b83" testName="GymTrack.Tests.WorkoutDaoTests.SaveAsync_UpdatingWorkout_ReplacesCompositionAndPreservesOrder" computerName="LUCAS-GOSTOSO" duration="00:00:00.1174286" startTime="2026-09-28T09:33:16.5229552-03:00" endTime="2026-09-28T09:33:16.6418769-03:00" testType="13cdc9d9-ddb5-4fa4-a97d-d965ccfc6d4b" outcome="Passed" testListId="8c84fa94-04c1-424b-9868-57a2d4851a1d" relativeResultsDirectory="078bb80f-d585-4334-9f4b-8817658dbedd" />
    <UnitTestResult executionId="e7bc9af2-d8b1-4bc7-b252-ef1ab62b424b" testId="7ae9ebf3-24a9-f0b3-0280-8a9064a7cf3b" testName="GymTrack.Tests.ExerciseViewModelTests.SaveAsync_ArchivingFromEditorRequiresConfirmation" computerName="LUCAS-GOSTOSO" duration="00:00:00.0007617" startTime="2026-09-28T09:33:15.5550199-03:00" endTime="2026-09-28T09:33:15.5550840-03:00" testType="13cdc9d9-ddb5-4fa4-a97d-d965ccfc6d4b" outcome="Passed" testListId="8c84fa94-04c1-424b-9868-57a2d4851a1d" relativeResultsDirectory="e7bc9af2-d8b1-4bc7-b252-ef1ab62b424b" />
    <UnitTestResult executionId="493f7fe7-ff44-4166-8280-8cce5de3cbf9" testId="1bf898fb-d115-ab3a-d26e-ba8b160b7da4" testName="GymTrack.Tests.WorkoutDaoTests.SaveAsync_InvalidPlan_RollsBackNewWorkout(plannedSets: 0, plannedReps: 10, plannedLoad: 0)" computerName="LUCAS-GOSTOSO" duration="00:00:00.1163242" startTime="2026-09-28T09:33:15.8683372-03:00" endTime="2026-09-28T09:33:15.9852013-03:00" testType="13cdc9d9-ddb5-4fa4-a97d-d965ccfc6d4b" outcome="Passed" testListId="8c84fa94-04c1-424b-9868-57a2d4851a1d" relativeResultsDirectory="493f7fe7-ff44-4166-8280-8cce5de3cbf9" />
    <UnitTestResult executionId="c717860d-59e9-4e72-944d-80d663756e29" testId="9297e32c-83a2-68ea-da13-8997089862d2" testName="GymTrack.Tests.AnalyticsServiceTests.Progress_CalculatesMaxLoadAndVolumeByFinishedSession" computerName="LUCAS-GOSTOSO" duration="00:00:00.5553127" startTime="2026-09-28T09:33:15.3921862-03:00" endTime="2026-09-28T09:33:15.9228321-03:00" testType="13cdc9d9-ddb5-4fa4-a97d-d965ccfc6d4b" outcome="Passed" testListId="8c84fa94-04c1-424b-9868-57a2d4851a1d" relativeResultsDirectory="c717860d-59e9-4e72-944d-80d663756e29" />
    <UnitTestResult executionId="bdae22dd-4c8a-442e-ba3d-8dbebae0646c" testId="38502e21-d327-2a9b-32ab-ac80605c8ca5" testName="GymTrack.Tests.ExerciseViewModelTests.SaveAsync_ExistingExercise_UpdatesAndExcludesOwnIdFromDuplicateCheck" computerName="LUCAS-GOSTOSO" duration="00:00:00.0105552" startTime="2026-09-28T09:33:15.5510318-03:00" endTime="2026-09-28T09:33:15.5526932-03:00" testType="13cdc9d9-ddb5-4fa4-a97d-d965ccfc6d4b" outcome="Passed" testListId="8c84fa94-04c1-424b-9868-57a2d4851a1d" relativeResultsDirectory="bdae22dd-4c8a-442e-ba3d-8dbebae0646c" />
    <UnitTestResult executionId="0a65e8b3-af40-43c1-a05c-b0b68adb817a" testId="42a9399f-d17a-c5a4-1d6e-c0ab41037521" testName="GymTrack.Tests.WorkoutDaoTests.GetSummariesAsync_ReturnsExerciseCountAndLatestSessionStart" computerName="LUCAS-GOSTOSO" duration="00:00:00.0917096" startTime="2026-09-28T09:33:16.7222240-03:00" endTime="2026-09-28T09:33:16.8142540-03:00" testType="13cdc9d9-ddb5-4fa4-a97d-d965ccfc6d4b" outcome="Passed" testListId="8c84fa94-04c1-424b-9868-57a2d4851a1d" relativeResultsDirectory="0a65e8b3-af40-43c1-a05c-b0b68adb817a" />
    <UnitTestResult executionId="fa757574-12f5-47be-a8a5-4336f6ec3908" testId="631d0f0d-b10d-59bf-d02d-10ebd99cbc1c" testName="GymTrack.Tests.WorkoutEditViewModelTests.SaveAsync_InvalidInput_DoesNotCallDao(name: &quot;Treino&quot;, plannedSets: 3, plannedReps: &quot;0&quot;, plannedLoad: &quot;&quot;, expectedMessage: &quot;repetições&quot;)" computerName="LUCAS-GOSTOSO" duration="00:00:00.0054463" startTime="2026-09-28T09:33:15.5302234-03:00" endTime="2026-09-28T09:33:15.5361294-03:00" testType="13cdc9d9-ddb5-4fa4-a97d-d965ccfc6d4b" outcome="Passed" testListId="8c84fa94-04c1-424b-9868-57a2d4851a1d" relativeResultsDirectory="fa757574-12f5-47be-a8a5-4336f6ec3908" />
    <UnitTestResult executionId="37cba069-86bd-4869-b720-bb22e59711ef" testId="2f01ac6c-4c73-6508-8db8-77a41c6e1b75" testName="GymTrack.Tests.WorkoutDaoTests.SaveAsync_InvalidPlan_RollsBackNewWorkout(plannedSets: 3, plannedReps: 0, plannedLoad: 0)" computerName="LUCAS-GOSTOSO" duration="00:00:00.0802516" startTime="2026-09-28T09:33:16.0743743-03:00" endTime="2026-09-28T09:33:16.1555804-03:00" testType="13cdc9d9-ddb5-4fa4-a97d-d965ccfc6d4b" outcome="Passed" testListId="8c84fa94-04c1-424b-9868-57a2d4851a1d" relativeResultsDirectory="37cba069-86bd-4869-b720-bb22e59711ef" />
    <UnitTestResult executionId="208e5300-c9d7-40d5-8c18-c6eb1db93ad2" testId="fa1787bb-f331-78a3-9dbf-eeb198600b42" testName="GymTrack.Tests.WorkoutEditViewModelTests.SaveAsync_ComposedWorkout_PersistsCurrentOrderAndPlans" computerName="LUCAS-GOSTOSO" duration="00:00:00.0065194" startTime="2026-09-28T09:33:15.5544352-03:00" endTime="2026-09-28T09:33:15.5552527-03:00" testType="13cdc9d9-ddb5-4fa4-a97d-d965ccfc6d4b" outcome="Passed" testListId="8c84fa94-04c1-424b-9868-57a2d4851a1d" relativeResultsDirectory="208e5300-c9d7-40d5-8c18-c6eb1db93ad2" />
    <UnitTestResult executionId="9eaf77f7-aeb6-44c0-a05e-02fffafed9c5" testId="9a984933-199a-6e4f-110e-c788408a40b1" testName="GymTrack.Tests.ExerciseViewModelTests.SaveAsync_InvalidData_DoesNotPersist(name: &quot;A&quot;, muscleGroup: &quot;Peito&quot;, notes: &quot;&quot;)" computerName="LUCAS-GOSTOSO" duration="00:00:00.0053366" startTime="2026-09-28T09:33:15.5301131-03:00" endTime="2026-09-28T09:33:15.5359709-03:00" testType="13cdc9d9-ddb5-4fa4-a97d-d965ccfc6d4b" outcome="Passed" testListId="8c84fa94-04c1-424b-9868-57a2d4851a1d" relativeResultsDirectory="9eaf77f7-aeb6-44c0-a05e-02fffafed9c5" />
    <UnitTestResult executionId="22137bdc-0c63-45aa-a6c5-0315a84de717" testId="b438eb67-dd31-271b-c5f9-3c1a10a5ed47" testName="GymTrack.Tests.SessionDaoTests.SessionAndSets_CanBeInsertedUpdatedAndRead" computerName="LUCAS-GOSTOSO" duration="00:00:00.1525456" startTime="2026-09-28T09:33:15.8849715-03:00" endTime="2026-09-28T09:33:16.0389461-03:00" testType="13cdc9d9-ddb5-4fa4-a97d-d965ccfc6d4b" outcome="Passed" testListId="8c84fa94-04c1-424b-9868-57a2d4851a1d" relativeResultsDirectory="22137bdc-0c63-45aa-a6c5-0315a84de717" />
    <UnitTestResult executionId="3c50d5c5-575d-4ffc-9fee-4f124ff8b1de" testId="c6071447-99cf-7e91-7056-d20aa4b661c9" testName="GymTrack.Tests.ExerciseViewModelTests.RemoveAsync_WithoutReferences_DeletesExercise" computerName="LUCAS-GOSTOSO" duration="00:00:00.1407461" startTime="2026-09-28T09:33:15.3921402-03:00" endTime="2026-09-28T09:33:15.5210623-03:00" testType="13cdc9d9-ddb5-4fa4-a97d-d965ccfc6d4b" outcome="Passed" testListId="8c84fa94-04c1-424b-9868-57a2d4851a1d" relativeResultsDirectory="3c50d5c5-575d-4ffc-9fee-4f124ff8b1de" />
    <UnitTestResult executionId="dd440439-be17-4e99-bd30-1ff442638099" testId="3b43ffc3-5062-5703-4ddb-325d49c2b69c" testName="GymTrack.Tests.WorkoutDaoTests.SaveAsync_DuplicateExercise_RollsBackNewWorkout" computerName="LUCAS-GOSTOSO" duration="00:00:00.1107097" startTime="2026-09-28T09:33:16.2364309-03:00" endTime="2026-09-28T09:33:16.3482852-03:00" testType="13cdc9d9-ddb5-4fa4-a97d-d965ccfc6d4b" outcome="Passed" testListId="8c84fa94-04c1-424b-9868-57a2d4851a1d" relativeResultsDirectory="dd440439-be17-4e99-bd30-1ff442638099" />
    <UnitTestResult executionId="101efdb4-886e-4592-adae-887b63df4955" testId="69d5b6c9-597e-484d-0275-c07158e9e609" testName="GymTrack.Tests.ExercisePickerViewModelTests.SelectCommand_RaisesSelectedExercise" computerName="LUCAS-GOSTOSO" duration="00:00:00.0017122" startTime="2026-09-28T09:33:15.7700677-03:00" endTime="2026-09-28T09:33:15.7714312-03:00" testType="13cdc9d9-ddb5-4fa4-a97d-d965ccfc6d4b" outcome="Passed" testListId="8c84fa94-04c1-424b-9868-57a2d4851a1d" relativeResultsDirectory="101efdb4-886e-4592-adae-887b63df4955" />
    <UnitTestResult executionId="ba3b041b-fab9-4397-a081-aaa9c5fd8ca4" testId="018e32ed-7139-801d-e3c3-ebd5a9a206e7" testName="GymTrack.Tests.WorkoutDaoTests.SaveAsync_WhenCompositionFails_RollsBackPreviousData" computerName="LUCAS-GOSTOSO" duration="00:00:00.0753960" startTime="2026-09-28T09:33:16.8863310-03:00" endTime="2026-09-28T09:33:16.9669825-03:00" testType="13cdc9d9-ddb5-4fa4-a97d-d965ccfc6d4b" outcome="Passed" testListId="8c84fa94-04c1-424b-9868-57a2d4851a1d" relativeResultsDirectory="ba3b041b-fab9-4397-a081-aaa9c5fd8ca4" />
    <UnitTestResult executionId="83007ec9-8cdf-49d8-9a0b-41b88cf2a133" testId="3396f5c4-2c49-359d-7268-da600eb0a674" testName="GymTrack.Tests.WorkoutEditViewModelTests.SaveAsync_EmptyDraft_PersistsTrimmedDataAndCloses" computerName="LUCAS-GOSTOSO" duration="00:00:00.0014504" startTime="2026-09-28T09:33:15.5557952-03:00" endTime="2026-09-28T09:33:15.5558343-03:00" testType="13cdc9d9-ddb5-4fa4-a97d-d965ccfc6d4b" outcome="Passed" testListId="8c84fa94-04c1-424b-9868-57a2d4851a1d" relativeResultsDirectory="83007ec9-8cdf-49d8-9a0b-41b88cf2a133" />
    <UnitTestResult executionId="c0b216da-f21d-4df2-983e-5672221085b8" testId="ddade52a-c016-f121-9396-602929734ac1" testName="GymTrack.Tests.ExercisePickerViewModelTests.SearchTextChange_LoadsMatchingExercisesAfterDebounce" computerName="LUCAS-GOSTOSO" duration="00:00:00.3906032" startTime="2026-09-28T09:33:15.3921632-03:00" endTime="2026-09-28T09:33:15.7664353-03:00" testType="13cdc9d9-ddb5-4fa4-a97d-d965ccfc6d4b" outcome="Passed" testListId="8c84fa94-04c1-424b-9868-57a2d4851a1d" relativeResultsDirectory="c0b216da-f21d-4df2-983e-5672221085b8" />
    <UnitTestResult executionId="d19b7ea0-d8e6-43ed-a9dd-e90ddc4bbb75" testId="b1421906-bcd3-8b07-77fe-f717e4f1f7ce" testName="GymTrack.Tests.DatabaseInitializationTests.StoredValues_UseTextNumberAndBooleanRepresentations" computerName="LUCAS-GOSTOSO" duration="00:00:00.1068352" startTime="2026-09-28T09:33:15.8392212-03:00" endTime="2026-09-28T09:33:15.9457131-03:00" testType="13cdc9d9-ddb5-4fa4-a97d-d965ccfc6d4b" outcome="Passed" testListId="8c84fa94-04c1-424b-9868-57a2d4851a1d" relativeResultsDirectory="d19b7ea0-d8e6-43ed-a9dd-e90ddc4bbb75" />
    <UnitTestResult executionId="e82fd162-e2fd-4ed1-8a82-344171662a8d" testId="846ac8b9-926a-5f08-067a-fcce3be0065e" testName="GymTrack.Tests.WorkoutEditViewModelTests.InitializeAsync_MissingWorkout_DisablesSave" computerName="LUCAS-GOSTOSO" duration="00:00:00.1369164" startTime="2026-09-28T09:33:15.3920200-03:00" endTime="2026-09-28T09:33:15.5076981-03:00" testType="13cdc9d9-ddb5-4fa4-a97d-d965ccfc6d4b" outcome="Passed" testListId="8c84fa94-04c1-424b-9868-57a2d4851a1d" relativeResultsDirectory="e82fd162-e2fd-4ed1-8a82-344171662a8d" />
    <UnitTestResult executionId="f5585069-4ca2-43bc-9e1b-1bdd3868d0c6" testId="bf36783f-526e-fff9-e09e-73bac5ec60b1" testName="GymTrack.Tests.WorkoutDaoTests.SaveAsync_AllowsEmptyDraftWorkout" computerName="LUCAS-GOSTOSO" duration="00:00:00.0876288" startTime="2026-09-28T09:33:16.3485263-03:00" endTime="2026-09-28T09:33:16.4364291-03:00" testType="13cdc9d9-ddb5-4fa4-a97d-d965ccfc6d4b" outcome="Passed" testListId="8c84fa94-04c1-424b-9868-57a2d4851a1d" relativeResultsDirectory="f5585069-4ca2-43bc-9e1b-1bdd3868d0c6" />
    <UnitTestResult executionId="eeb62140-fee2-475f-ace3-15e3d2a70f25" testId="306366c6-541f-89fb-540e-216fab951302" testName="GymTrack.Tests.WorkoutDaoTests.DeleteAsync_PreservesWorkoutThatHasSession" computerName="LUCAS-GOSTOSO" duration="00:00:00.0859143" startTime="2026-09-28T09:33:16.4366423-03:00" endTime="2026-09-28T09:33:16.5227968-03:00" testType="13cdc9d9-ddb5-4fa4-a97d-d965ccfc6d4b" outcome="Passed" testListId="8c84fa94-04c1-424b-9868-57a2d4851a1d" relativeResultsDirectory="eeb62140-fee2-475f-ace3-15e3d2a70f25" />
    <UnitTestResult executionId="1d5aa0cd-3367-40f5-8dab-3b9b7daf863d" testId="31f0f071-bbba-34b7-33ac-3ede4e2fcc7a" testName="GymTrack.Tests.SessionDaoTests.SaveSetAsync_RejectsInvalidNumbers" computerName="LUCAS-GOSTOSO" duration="00:00:00.1091067" startTime="2026-09-28T09:33:16.2363699-03:00" endTime="2026-09-28T09:33:16.3459514-03:00" testType="13cdc9d9-ddb5-4fa4-a97d-d965ccfc6d4b" outcome="Passed" testListId="8c84fa94-04c1-424b-9868-57a2d4851a1d" relativeResultsDirectory="1d5aa0cd-3367-40f5-8dab-3b9b7daf863d" />
    <UnitTestResult executionId="2469e105-18a7-4579-acc8-b2ff5aeaefb5" testId="222c0060-5a1b-5f29-8f98-016567d90d61" testName="GymTrack.Tests.WorkoutDaoTests.DeleteAsync_RemovesDraftAndComposition" computerName="LUCAS-GOSTOSO" duration="00:00:00.0713859" startTime="2026-09-28T09:33:16.8144665-03:00" endTime="2026-09-28T09:33:16.8861065-03:00" testType="13cdc9d9-ddb5-4fa4-a97d-d965ccfc6d4b" outcome="Passed" testListId="8c84fa94-04c1-424b-9868-57a2d4851a1d" relativeResultsDirectory="2469e105-18a7-4579-acc8-b2ff5aeaefb5" />
    <UnitTestResult executionId="7213873f-11bc-498e-bfc0-7f7489868473" testId="308e0762-b985-e076-f61e-dfc7a6905a92" testName="GymTrack.Tests.ExercisePickerViewModelTests.InitializeAsync_ListsOnlyActiveExercisesNotAlreadySelected" computerName="LUCAS-GOSTOSO" duration="00:00:00.0012412" startTime="2026-09-28T09:33:15.7716850-03:00" endTime="2026-09-28T09:33:15.7726817-03:00" testType="13cdc9d9-ddb5-4fa4-a97d-d965ccfc6d4b" outcome="Passed" testListId="8c84fa94-04c1-424b-9868-57a2d4851a1d" relativeResultsDirectory="7213873f-11bc-498e-bfc0-7f7489868473" />
    <UnitTestResult executionId="cbb47fe1-cadd-4e7e-a7e6-39047adeba96" testId="c570ab8e-6548-572b-860f-fcbef22ad18b" testName="GymTrack.Tests.WorkoutEditViewModelTests.SaveAsync_InvalidInput_DoesNotCallDao(name: &quot;Treino&quot;, plannedSets: 21, plannedReps: &quot;10&quot;, plannedLoad: &quot;&quot;, expectedMessage: &quot;séries&quot;)" computerName="LUCAS-GOSTOSO" duration="00:00:00.0003509" startTime="2026-09-28T09:33:15.5444995-03:00" endTime="2026-09-28T09:33:15.5449580-03:00" testType="13cdc9d9-ddb5-4fa4-a97d-d965ccfc6d4b" outcome="Passed" testListId="8c84fa94-04c1-424b-9868-57a2d4851a1d" relativeResultsDirectory="cbb47fe1-cadd-4e7e-a7e6-39047adeba96" />
    <UnitTestResult executionId="b4f16ff7-2e51-47f3-adca-d90fce06afff" testId="55c12e47-aca3-b919-1fbc-5915f157539f" testName="GymTrack.Tests.ExerciseViewModelTests.SearchAndGroupChanges_AreCombinedAfterDebounce" computerName="LUCAS-GOSTOSO" duration="00:00:00.2628747" startTime="2026-09-28T09:33:15.5552122-03:00" endTime="2026-09-28T09:33:15.8035769-03:00" testType="13cdc9d9-ddb5-4fa4-a97d-d965ccfc6d4b" outcome="Passed" testListId="8c84fa94-04c1-424b-9868-57a2d4851a1d" relativeResultsDirectory="b4f16ff7-2e51-47f3-adca-d90fce06afff" />
    <UnitTestResult executionId="1f37e41d-2dcc-471d-b3e9-64f8d5edc8bf" testId="5a1be1a9-7539-5c54-585a-4e5fe1087a62" testName="GymTrack.Tests.ExerciseViewModelTests.SaveAsync_InvalidData_DoesNotPersist(name: &quot;Supino reto&quot;, muscleGroup: &quot;Peito&quot;, notes: &quot;NNNNNNNNNNNNNNNNNNNNNNNNNNNNNNNNNNNNNNNNNNNNNNNNNN&quot;···)" computerName="LUCAS-GOSTOSO" duration="00:00:00.0003042" startTime="2026-09-28T09:33:15.5449201-03:00" endTime="2026-09-28T09:33:15.5450757-03:00" testType="13cdc9d9-ddb5-4fa4-a97d-d965ccfc6d4b" outcome="Passed" testListId="8c84fa94-04c1-424b-9868-57a2d4851a1d" relativeResultsDirectory="1f37e41d-2dcc-471d-b3e9-64f8d5edc8bf" />
    <UnitTestResult executionId="e087ae62-8345-4882-bfef-dd93307cc85b" testId="8bd6eb54-ed44-0545-f288-42955e39812f" testName="GymTrack.Tests.ExerciseViewModelTests.SaveAsync_InvalidData_DoesNotPersist(name: &quot;Supino reto&quot;, muscleGroup: null, notes: &quot;&quot;)" computerName="LUCAS-GOSTOSO" duration="00:00:00.0000203" startTime="2026-09-28T09:33:15.5447809-03:00" endTime="2026-09-28T09:33:15.5448273-03:00" testType="13cdc9d9-ddb5-4fa4-a97d-d965ccfc6d4b" outcome="Passed" testListId="8c84fa94-04c1-424b-9868-57a2d4851a1d" relativeResultsDirectory="e087ae62-8345-4882-bfef-dd93307cc85b" />
    <UnitTestResult executionId="b9875416-127d-41ea-968b-7c5c1ef295b1" testId="89478477-109b-984d-9fb1-c49b4fc8b67f" testName="GymTrack.Tests.WorkoutsViewModelTests.EditCommand_RequestsExistingWorkout" computerName="LUCAS-GOSTOSO" duration="00:00:00.0036940" startTime="2026-09-28T09:33:15.5359124-03:00" endTime="2026-09-28T09:33:15.5486786-03:00" testType="13cdc9d9-ddb5-4fa4-a97d-d965ccfc6d4b" outcome="Passed" testListId="8c84fa94-04c1-424b-9868-57a2d4851a1d" relativeResultsDirectory="b9875416-127d-41ea-968b-7c5c1ef295b1" />
    <UnitTestResult executionId="31bc4276-8cb4-42b1-bc00-23b44f6f83b4" testId="b1bf3189-41ef-1b67-a6de-a7214ccc5ae6" testName="GymTrack.Tests.WorkoutsViewModelTests.DeleteWorkout_WithSessions_IsPreservedWithoutConfirmation" computerName="LUCAS-GOSTOSO" duration="00:00:00.1399316" startTime="2026-09-28T09:33:15.3919165-03:00" endTime="2026-09-28T09:33:15.5140315-03:00" testType="13cdc9d9-ddb5-4fa4-a97d-d965ccfc6d4b" outcome="Passed" testListId="8c84fa94-04c1-424b-9868-57a2d4851a1d" relativeResultsDirectory="31bc4276-8cb4-42b1-bc00-23b44f6f83b4" />
    <UnitTestResult executionId="0bb0132c-a3f8-4b3e-bfde-99fb18353377" testId="fccdab6f-e577-fcc2-e3e2-6108cf2a25a7" testName="GymTrack.Tests.WorkoutDaoTests.SaveAsync_PersistsWorkoutAndOrderedComposition" computerName="LUCAS-GOSTOSO" duration="00:00:00.0792276" startTime="2026-09-28T09:33:16.6426783-03:00" endTime="2026-09-28T09:33:16.7220629-03:00" testType="13cdc9d9-ddb5-4fa4-a97d-d965ccfc6d4b" outcome="Passed" testListId="8c84fa94-04c1-424b-9868-57a2d4851a1d" relativeResultsDirectory="0bb0132c-a3f8-4b3e-bfde-99fb18353377" />
    <UnitTestResult executionId="9f2ca318-9406-4d96-89e2-5721202ab357" testId="923cc5cd-2e82-a6e1-42d0-367aad9eba06" testName="GymTrack.Tests.WorkoutDaoTests.SaveAsync_InvalidPlan_RollsBackNewWorkout(plannedSets: 3, plannedReps: 101, plannedLoad: 0)" computerName="LUCAS-GOSTOSO" duration="00:00:00.0788524" startTime="2026-09-28T09:33:16.1557463-03:00" endTime="2026-09-28T09:33:16.2350431-03:00" testType="13cdc9d9-ddb5-4fa4-a97d-d965ccfc6d4b" outcome="Passed" testListId="8c84fa94-04c1-424b-9868-57a2d4851a1d" relativeResultsDirectory="9f2ca318-9406-4d96-89e2-5721202ab357" />
    <UnitTestResult executionId="8416f179-abd9-425e-89cb-7742556facc8" testId="ce9f63af-d7eb-d425-3245-4c13e2b646e5" testName="GymTrack.Tests.WorkoutEditViewModelTests.AddExercise_PreventsDuplicateAndInactiveExercise" computerName="LUCAS-GOSTOSO" duration="00:00:00.0016296" startTime="2026-09-28T09:33:15.5553586-03:00" endTime="2026-09-28T09:33:15.5554004-03:00" testType="13cdc9d9-ddb5-4fa4-a97d-d965ccfc6d4b" outcome="Passed" testListId="8c84fa94-04c1-424b-9868-57a2d4851a1d" relativeResultsDirectory="8416f179-abd9-425e-89cb-7742556facc8" />
    <UnitTestResult executionId="76cf367c-6a5c-4a1b-83d8-db40d08c4aa9" testId="0640e655-52c8-36aa-b9bc-a93a3e5a1f3d" testName="GymTrack.Tests.WorkoutsViewModelTests.StartDraftWorkout_ShowsGuidanceAndDoesNotStart" computerName="LUCAS-GOSTOSO" duration="00:00:00.0007178" startTime="2026-09-28T09:33:15.5506760-03:00" endTime="2026-09-28T09:33:15.5510754-03:00" testType="13cdc9d9-ddb5-4fa4-a97d-d965ccfc6d4b" outcome="Passed" testListId="8c84fa94-04c1-424b-9868-57a2d4851a1d" relativeResultsDirectory="76cf367c-6a5c-4a1b-83d8-db40d08c4aa9" />
    <UnitTestResult executionId="7074b8a7-1385-413a-addc-a9783ff3e027" testId="d5d8aaf0-66d6-1a89-4500-aa7af043f4c4" testName="GymTrack.Tests.WorkoutEditViewModelTests.InitializeAsync_LoadsCompositionInOrderIncludingArchivedExercise" computerName="LUCAS-GOSTOSO" duration="00:00:00.0037775" startTime="2026-09-28T09:33:15.5554920-03:00" endTime="2026-09-28T09:33:15.5556924-03:00" testType="13cdc9d9-ddb5-4fa4-a97d-d965ccfc6d4b" outcome="Passed" testListId="8c84fa94-04c1-424b-9868-57a2d4851a1d" relativeResultsDirectory="7074b8a7-1385-413a-addc-a9783ff3e027" />
    <UnitTestResult executionId="227cca56-0ece-46ba-888c-4182fe3ccc6c" testId="8dafc77c-f8f1-a535-f009-9e1427402e90" testName="GymTrack.Tests.ExerciseViewModelTests.SaveAsync_DuplicateExercise_IsRejected" computerName="LUCAS-GOSTOSO" duration="00:00:00.0082852" startTime="2026-09-28T09:33:15.5453024-03:00" endTime="2026-09-28T09:33:15.5507449-03:00" testType="13cdc9d9-ddb5-4fa4-a97d-d965ccfc6d4b" outcome="Passed" testListId="8c84fa94-04c1-424b-9868-57a2d4851a1d" relativeResultsDirectory="227cca56-0ece-46ba-888c-4182fe3ccc6c" />
    <UnitTestResult executionId="c5fe06aa-c7d6-423f-ba30-09b5cd8253f0" testId="9738c013-0e97-24a7-b882-a58bbe004b0c" testName="GymTrack.Tests.WorkoutSessionViewModelTests.InitializeAsync_CreatesSessionAndLoadsPlannedAndPreviousValues" computerName="LUCAS-GOSTOSO" duration="00:00:00.0110444" startTime="2026-09-28T09:33:15.5492066-03:00" endTime="2026-09-28T09:33:15.5525070-03:00" testType="13cdc9d9-ddb5-4fa4-a97d-d965ccfc6d4b" outcome="Passed" testListId="8c84fa94-04c1-424b-9868-57a2d4851a1d" relativeResultsDirectory="c5fe06aa-c7d6-423f-ba30-09b5cd8253f0" />
    <UnitTestResult executionId="b1bd8e87-bd7c-4a77-b224-18e4950ed811" testId="9068d4f7-7b42-1798-a3ff-0334b566b96b" testName="GymTrack.Tests.WorkoutEditViewModelTests.SaveAsync_InvalidInput_DoesNotCallDao(name: &quot;Treino&quot;, plannedSets: 3, plannedReps: &quot;101&quot;, plannedLoad: &quot;&quot;, expectedMessage: &quot;repetições&quot;)" computerName="LUCAS-GOSTOSO" duration="00:00:00.0000204" startTime="2026-09-28T09:33:15.5484797-03:00" endTime="2026-09-28T09:33:15.5485361-03:00" testType="13cdc9d9-ddb5-4fa4-a97d-d965ccfc6d4b" outcome="Passed" testListId="8c84fa94-04c1-424b-9868-57a2d4851a1d" relativeResultsDirectory="b1bd8e87-bd7c-4a77-b224-18e4950ed811" />
    <UnitTestResult executionId="2c6bfd3a-4dac-487a-bd9d-79a0cd483c4f" testId="2d236539-7dbd-044a-fb5c-9019236cba04" testName="GymTrack.Tests.WorkoutSessionViewModelTests.CompleteSet_ValidatesAndPersistsWithProgressAndVolume" computerName="LUCAS-GOSTOSO" duration="00:00:00.0079445" startTime="2026-09-28T09:33:15.5446364-03:00" endTime="2026-09-28T09:33:15.5491227-03:00" testType="13cdc9d9-ddb5-4fa4-a97d-d965ccfc6d4b" outcome="Passed" testListId="8c84fa94-04c1-424b-9868-57a2d4851a1d" relativeResultsDirectory="2c6bfd3a-4dac-487a-bd9d-79a0cd483c4f" />
    <UnitTestResult executionId="ebc4c5d9-eb26-4ae1-bb73-414790fda022" testId="6d3cb67f-2e43-d130-7e4a-7cdf5768a6ec" testName="GymTrack.Tests.WorkoutDaoTests.SaveAsync_InvalidPlan_RollsBackNewWorkout(plannedSets: 21, plannedReps: 10, plannedLoad: 0)" computerName="LUCAS-GOSTOSO" duration="00:00:00.0885727" startTime="2026-09-28T09:33:15.9864881-03:00" endTime="2026-09-28T09:33:16.0741737-03:00" testType="13cdc9d9-ddb5-4fa4-a97d-d965ccfc6d4b" outcome="Passed" testListId="8c84fa94-04c1-424b-9868-57a2d4851a1d" relativeResultsDirectory="ebc4c5d9-eb26-4ae1-bb73-414790fda022" />
    <UnitTestResult executionId="a461f777-d185-4b48-8474-b32e12626f40" testId="f8c4de7f-2dd5-b3c3-8b05-915629b2ebdf" testName="GymTrack.Tests.SessionDaoTests.ForeignKeys_RejectOrphanSetRecord" computerName="LUCAS-GOSTOSO" duration="00:00:00.0805814" startTime="2026-09-28T09:33:16.1540402-03:00" endTime="2026-09-28T09:33:16.2348178-03:00" testType="13cdc9d9-ddb5-4fa4-a97d-d965ccfc6d4b" outcome="Passed" testListId="8c84fa94-04c1-424b-9868-57a2d4851a1d" relativeResultsDirectory="a461f777-d185-4b48-8474-b32e12626f40" />
    <UnitTestResult executionId="15da31d8-d5f9-4c91-af97-1cd433292763" testId="a9e4f909-7661-93bd-e504-71e186be38b7" testName="GymTrack.Tests.ExerciseViewModelTests.ActionsMenu_EditRequestsTheExistingExerciseEditor" computerName="LUCAS-GOSTOSO" duration="00:00:00.0023700" startTime="2026-09-28T09:33:15.5547587-03:00" endTime="2026-09-28T09:33:15.5548224-03:00" testType="13cdc9d9-ddb5-4fa4-a97d-d965ccfc6d4b" outcome="Passed" testListId="8c84fa94-04c1-424b-9868-57a2d4851a1d" relativeResultsDirectory="15da31d8-d5f9-4c91-af97-1cd433292763" />
    <UnitTestResult executionId="5ee447cd-c20b-48a4-9105-87c95fdded9a" testId="660f4b9d-ef10-354d-dfa4-d851b78146f9" testName="GymTrack.Tests.WorkoutsViewModelTests.DeleteDraftWorkout_WhenConfirmed_DeletesAndReloadsList" computerName="LUCAS-GOSTOSO" duration="00:00:00.0022200" startTime="2026-09-28T09:33:15.5489593-03:00" endTime="2026-09-28T09:33:15.5489986-03:00" testType="13cdc9d9-ddb5-4fa4-a97d-d965ccfc6d4b" outcome="Passed" testListId="8c84fa94-04c1-424b-9868-57a2d4851a1d" relativeResultsDirectory="5ee447cd-c20b-48a4-9105-87c95fdded9a" />
    <UnitTestResult executionId="a2f98f96-3c69-4410-8e9e-326b753689bb" testId="7e4c85ee-094d-44cb-53b6-bd8867ce055b" testName="GymTrack.Tests.WorkoutDaoTests.SaveAsync_InvalidPlan_RollsBackNewWorkout(plannedSets: 3, plannedReps: 10, plannedLoad: -0,5)" computerName="LUCAS-GOSTOSO" duration="00:00:00.4989480" startTime="2026-09-28T09:33:15.3920931-03:00" endTime="2026-09-28T09:33:15.8681231-03:00" testType="13cdc9d9-ddb5-4fa4-a97d-d965ccfc6d4b" outcome="Passed" testListId="8c84fa94-04c1-424b-9868-57a2d4851a1d" relativeResultsDirectory="a2f98f96-3c69-4410-8e9e-326b753689bb" />
    <UnitTestResult executionId="e27558d3-f07b-4754-921f-f805f1392832" testId="86a675b4-171e-413f-d2d0-0d78cf0fd03b" testName="GymTrack.Tests.WorkoutsViewModelTests.LoadAsync_PopulatesWorkoutSummaries" computerName="LUCAS-GOSTOSO" duration="00:00:00.0026216" startTime="2026-09-28T09:33:15.5488014-03:00" endTime="2026-09-28T09:33:15.5488461-03:00" testType="13cdc9d9-ddb5-4fa4-a97d-d965ccfc6d4b" outcome="Passed" testListId="8c84fa94-04c1-424b-9868-57a2d4851a1d" relativeResultsDirectory="e27558d3-f07b-4754-921f-f805f1392832" />
    <UnitTestResult executionId="4601cede-053c-4144-8166-4f9dc6f5c02b" testId="51af7c1d-381e-2999-9c8c-43112e65d293" testName="GymTrack.Tests.WorkoutSessionViewModelTests.FinishAsync_SetsFinishedAtShowsSummaryAndCloses" computerName="LUCAS-GOSTOSO" duration="00:00:00.0089906" startTime="2026-09-28T09:33:15.5529572-03:00" endTime="2026-09-28T09:33:15.5555483-03:00" testType="13cdc9d9-ddb5-4fa4-a97d-d965ccfc6d4b" outcome="Passed" testListId="8c84fa94-04c1-424b-9868-57a2d4851a1d" relativeResultsDirectory="4601cede-053c-4144-8166-4f9dc6f5c02b" />
    <UnitTestResult executionId="7ff4b6c5-06d3-4040-9b39-c2452252a0f3" testId="5e2acfcc-cd3f-506e-a783-49db9dfc2777" testName="GymTrack.Tests.ExerciseViewModelTests.RemoveAsync_WhenConfirmationIsCancelled_DoesNothing" computerName="LUCAS-GOSTOSO" duration="00:00:00.0008355" startTime="2026-09-28T09:33:15.8049560-03:00" endTime="2026-09-28T09:33:15.8056280-03:00" testType="13cdc9d9-ddb5-4fa4-a97d-d965ccfc6d4b" outcome="Passed" testListId="8c84fa94-04c1-424b-9868-57a2d4851a1d" relativeResultsDirectory="7ff4b6c5-06d3-4040-9b39-c2452252a0f3" />
    <UnitTestResult executionId="7ca60042-d3b8-4d71-9593-b06bd530f5f0" testId="30aff63f-92f6-5b3b-dc10-3fc68ecfd817" testName="GymTrack.Tests.DatabaseInitializationTests.InitializeAsync_CalledConcurrently_CreatesSchemaOnce" computerName="LUCAS-GOSTOSO" duration="00:00:00.4699785" startTime="2026-09-28T09:33:15.3922087-03:00" endTime="2026-09-28T09:33:15.8376523-03:00" testType="13cdc9d9-ddb5-4fa4-a97d-d965ccfc6d4b" outcome="Passed" testListId="8c84fa94-04c1-424b-9868-57a2d4851a1d" relativeResultsDirectory="7ca60042-d3b8-4d71-9593-b06bd530f5f0" />
    <UnitTestResult executionId="6ed23788-450d-457f-bf5e-1caf00457742" testId="3b56bc0d-7b79-093c-b2fc-b552397d3f1a" testName="GymTrack.Tests.ExerciseViewModelTests.SaveAsync_NewExercise_InsertsTrimmedValuesAndCloses" computerName="LUCAS-GOSTOSO" duration="00:00:00.0024011" startTime="2026-09-28T09:33:15.8059471-03:00" endTime="2026-09-28T09:33:15.8081621-03:00" testType="13cdc9d9-ddb5-4fa4-a97d-d965ccfc6d4b" outcome="Passed" testListId="8c84fa94-04c1-424b-9868-57a2d4851a1d" relativeResultsDirectory="6ed23788-450d-457f-bf5e-1caf00457742" />
    <UnitTestResult executionId="08ec5e49-0345-46df-bd85-62ffd476cdc5" testId="bf8997fe-8d03-9d79-5f26-1ff2919f247e" testName="GymTrack.Tests.ExerciseDaoTests.CrudAndSearch_RoundTripExerciseData" computerName="LUCAS-GOSTOSO" duration="00:00:00.5281361" startTime="2026-09-28T09:33:15.3921167-03:00" endTime="2026-09-28T09:33:15.8966296-03:00" testType="13cdc9d9-ddb5-4fa4-a97d-d965ccfc6d4b" outcome="Passed" testListId="8c84fa94-04c1-424b-9868-57a2d4851a1d" relativeResultsDirectory="08ec5e49-0345-46df-bd85-62ffd476cdc5" />
    <UnitTestResult executionId="b12dc6f2-f253-40a1-b99e-51141bb35a9f" testId="dafc617e-e528-152c-5c90-e19841248f21" testName="GymTrack.Tests.WorkoutsViewModelTests.StartComposedWorkout_RaisesStartRequest" computerName="LUCAS-GOSTOSO" duration="00:00:00.0018580" startTime="2026-09-28T09:33:15.5490845-03:00" endTime="2026-09-28T09:33:15.5492511-03:00" testType="13cdc9d9-ddb5-4fa4-a97d-d965ccfc6d4b" outcome="Passed" testListId="8c84fa94-04c1-424b-9868-57a2d4851a1d" relativeResultsDirectory="b12dc6f2-f253-40a1-b99e-51141bb35a9f" />
    <UnitTestResult executionId="5f3c2c72-a129-4124-904a-48593ad12560" testId="7b361946-943a-f0c0-0703-883b23b40b48" testName="GymTrack.Tests.WorkoutEditViewModelTests.SaveAsync_ExistingWorkout_KeepsItsIdentity" computerName="LUCAS-GOSTOSO" duration="00:00:00.0008187" startTime="2026-09-28T09:33:15.5566435-03:00" endTime="2026-09-28T09:33:15.5567111-03:00" testType="13cdc9d9-ddb5-4fa4-a97d-d965ccfc6d4b" outcome="Passed" testListId="8c84fa94-04c1-424b-9868-57a2d4851a1d" relativeResultsDirectory="5f3c2c72-a129-4124-904a-48593ad12560" />
  </Results>
  <TestDefinitions>
    <UnitTest name="GymTrack.Tests.WorkoutSessionViewModelTests.InitializeAsync_CreatesSessionAndLoadsPlannedAndPreviousValues" storage="c:\users\lucas\appdata\local\gymtrackbuild\bin\gymtrack.tests\debug\net10.0\gymtrack.tests.dll" id="9738c013-0e97-24a7-b882-a58bbe004b0c">
      <Execution id="c5fe06aa-c7d6-423f-ba30-09b5cd8253f0" />
      <TestMethod codeBase="C:\Users\lucas\AppData\Local\GymTrackBuild\bin\GymTrack.Tests\Debug\net10.0\GymTrack.Tests.dll" adapterTypeName="executor://xunit/VsTestRunner3/netcore/" className="GymTrack.Tests.WorkoutSessionViewModelTests" name="InitializeAsync_CreatesSessionAndLoadsPlannedAndPreviousValues" />
    </UnitTest>
    <UnitTest name="GymTrack.Tests.WorkoutEditViewModelTests.SaveAsync_InvalidInput_DoesNotCallDao(name: &quot;Treino&quot;, plannedSets: 3, plannedReps: &quot;0&quot;, plannedLoad: &quot;&quot;, expectedMessage: &quot;repetições&quot;)" storage="c:\users\lucas\appdata\local\gymtrackbuild\bin\gymtrack.tests\debug\net10.0\gymtrack.tests.dll" id="631d0f0d-b10d-59bf-d02d-10ebd99cbc1c">
      <Execution id="fa757574-12f5-47be-a8a5-4336f6ec3908" />
      <TestMethod codeBase="C:\Users\lucas\AppData\Local\GymTrackBuild\bin\GymTrack.Tests\Debug\net10.0\GymTrack.Tests.dll" adapterTypeName="executor://xunit/VsTestRunner3/netcore/" className="GymTrack.Tests.WorkoutEditViewModelTests" name="SaveAsync_InvalidInput_DoesNotCallDao" />
    </UnitTest>
    <UnitTest name="GymTrack.Tests.WorkoutDaoTests.DeleteAsync_PreservesWorkoutThatHasSession" storage="c:\users\lucas\appdata\local\gymtrackbuild\bin\gymtrack.tests\debug\net10.0\gymtrack.tests.dll" id="306366c6-541f-89fb-540e-216fab951302">
      <Execution id="eeb62140-fee2-475f-ace3-15e3d2a70f25" />
      <TestMethod codeBase="C:\Users\lucas\AppData\Local\GymTrackBuild\bin\GymTrack.Tests\Debug\net10.0\GymTrack.Tests.dll" adapterTypeName="executor://xunit/VsTestRunner3/netcore/" className="GymTrack.Tests.WorkoutDaoTests" name="DeleteAsync_PreservesWorkoutThatHasSession" />
    </UnitTest>
    <UnitTest name="GymTrack.Tests.WorkoutEditViewModelTests.SaveAsync_InvalidInput_DoesNotCallDao(name: &quot;Treino&quot;, plannedSets: 0, plannedReps: &quot;10&quot;, plannedLoad: &quot;&quot;, expectedMessage: &quot;séries&quot;)" storage="c:\users\lucas\appdata\local\gymtrackbuild\bin\gymtrack.tests\debug\net10.0\gymtrack.tests.dll" id="8471edcf-cc56-0e35-1a78-b33212b57c42">
      <Execution id="aa9609ea-7d3f-4a60-8ff7-9900da393cb1" />
      <TestMethod codeBase="C:\Users\lucas\AppData\Local\GymTrackBuild\bin\GymTrack.Tests\Debug\net10.0\GymTrack.Tests.dll" adapterTypeName="executor://xunit/VsTestRunner3/netcore/" className="GymTrack.Tests.WorkoutEditViewModelTests" name="SaveAsync_InvalidInput_DoesNotCallDao" />
    </UnitTest>
    <UnitTest name="GymTrack.Tests.ExerciseViewModelTests.SaveAsync_ArchivingFromEditorRequiresConfirmation" storage="c:\users\lucas\appdata\local\gymtrackbuild\bin\gymtrack.tests\debug\net10.0\gymtrack.tests.dll" id="7ae9ebf3-24a9-f0b3-0280-8a9064a7cf3b">
      <Execution id="e7bc9af2-d8b1-4bc7-b252-ef1ab62b424b" />
      <TestMethod codeBase="C:\Users\lucas\AppData\Local\GymTrackBuild\bin\GymTrack.Tests\Debug\net10.0\GymTrack.Tests.dll" adapterTypeName="executor://xunit/VsTestRunner3/netcore/" className="GymTrack.Tests.ExerciseViewModelTests" name="SaveAsync_ArchivingFromEditorRequiresConfirmation" />
    </UnitTest>
    <UnitTest name="GymTrack.Tests.WorkoutDaoTests.SaveAsync_InvalidPlan_RollsBackNewWorkout(plannedSets: 0, plannedReps: 10, plannedLoad: 0)" storage="c:\users\lucas\appdata\local\gymtrackbuild\bin\gymtrack.tests\debug\net10.0\gymtrack.tests.dll" id="1bf898fb-d115-ab3a-d26e-ba8b160b7da4">
      <Execution id="493f7fe7-ff44-4166-8280-8cce5de3cbf9" />
      <TestMethod codeBase="C:\Users\lucas\AppData\Local\GymTrackBuild\bin\GymTrack.Tests\Debug\net10.0\GymTrack.Tests.dll" adapterTypeName="executor://xunit/VsTestRunner3/netcore/" className="GymTrack.Tests.WorkoutDaoTests" name="SaveAsync_InvalidPlan_RollsBackNewWorkout" />
    </UnitTest>
    <UnitTest name="GymTrack.Tests.ExerciseViewModelTests.SearchAndGroupChanges_AreCombinedAfterDebounce" storage="c:\users\lucas\appdata\local\gymtrackbuild\bin\gymtrack.tests\debug\net10.0\gymtrack.tests.dll" id="55c12e47-aca3-b919-1fbc-5915f157539f">
      <Execution id="b4f16ff7-2e51-47f3-adca-d90fce06afff" />
      <TestMethod codeBase="C:\Users\lucas\AppData\Local\GymTrackBuild\bin\GymTrack.Tests\Debug\net10.0\GymTrack.Tests.dll" adapterTypeName="executor://xunit/VsTestRunner3/netcore/" className="GymTrack.Tests.ExerciseViewModelTests" name="SearchAndGroupChanges_AreCombinedAfterDebounce" />
    </UnitTest>
    <UnitTest name="GymTrack.Tests.WorkoutSessionViewModelTests.RequestExit_OnlyClosesAfterConfirmationAndKeepsSessionActive" storage="c:\users\lucas\appdata\local\gymtrackbuild\bin\gymtrack.tests\debug\net10.0\gymtrack.tests.dll" id="0e51f94c-e9b2-83fb-27df-7bb66846b8d6">
      <Execution id="fb7c7379-98ab-4c78-8a0f-a10421687dba" />
      <TestMethod codeBase="C:\Users\lucas\AppData\Local\GymTrackBuild\bin\GymTrack.Tests\Debug\net10.0\GymTrack.Tests.dll" adapterTypeName="executor://xunit/VsTestRunner3/netcore/" className="GymTrack.Tests.WorkoutSessionViewModelTests" name="RequestExit_OnlyClosesAfterConfirmationAndKeepsSessionActive" />
    </UnitTest>
    <UnitTest name="GymTrack.Tests.WorkoutsViewModelTests.EditCommand_RequestsExistingWorkout" storage="c:\users\lucas\appdata\local\gymtrackbuild\bin\gymtrack.tests\debug\net10.0\gymtrack.tests.dll" id="89478477-109b-984d-9fb1-c49b4fc8b67f">
      <Execution id="b9875416-127d-41ea-968b-7c5c1ef295b1" />
      <TestMethod codeBase="C:\Users\lucas\AppData\Local\GymTrackBuild\bin\GymTrack.Tests\Debug\net10.0\GymTrack.Tests.dll" adapterTypeName="executor://xunit/VsTestRunner3/netcore/" className="GymTrack.Tests.WorkoutsViewModelTests" name="EditCommand_RequestsExistingWorkout" />
    </UnitTest>
    <UnitTest name="GymTrack.Tests.ExercisePickerViewModelTests.SelectCommand_RaisesSelectedExercise" storage="c:\users\lucas\appdata\local\gymtrackbuild\bin\gymtrack.tests\debug\net10.0\gymtrack.tests.dll" id="69d5b6c9-597e-484d-0275-c07158e9e609">
      <Execution id="101efdb4-886e-4592-adae-887b63df4955" />
      <TestMethod codeBase="C:\Users\lucas\AppData\Local\GymTrackBuild\bin\GymTrack.Tests\Debug\net10.0\GymTrack.Tests.dll" adapterTypeName="executor://xunit/VsTestRunner3/netcore/" className="GymTrack.Tests.ExercisePickerViewModelTests" name="SelectCommand_RaisesSelectedExercise" />
    </UnitTest>
    <UnitTest name="GymTrack.Tests.WorkoutsViewModelTests.LoadAsync_PopulatesWorkoutSummaries" storage="c:\users\lucas\appdata\local\gymtrackbuild\bin\gymtrack.tests\debug\net10.0\gymtrack.tests.dll" id="86a675b4-171e-413f-d2d0-0d78cf0fd03b">
      <Execution id="e27558d3-f07b-4754-921f-f805f1392832" />
      <TestMethod codeBase="C:\Users\lucas\AppData\Local\GymTrackBuild\bin\GymTrack.Tests\Debug\net10.0\GymTrack.Tests.dll" adapterTypeName="executor://xunit/VsTestRunner3/netcore/" className="GymTrack.Tests.WorkoutsViewModelTests" name="LoadAsync_PopulatesWorkoutSummaries" />
    </UnitTest>
    <UnitTest name="GymTrack.Tests.WorkoutEditViewModelTests.SaveAsync_InvalidInput_DoesNotCallDao(name: &quot;Treino&quot;, plannedSets: 21, plannedReps: &quot;10&quot;, plannedLoad: &quot;&quot;, expectedMessage: &quot;séries&quot;)" storage="c:\users\lucas\appdata\local\gymtrackbuild\bin\gymtrack.tests\debug\net10.0\gymtrack.tests.dll" id="c570ab8e-6548-572b-860f-fcbef22ad18b">
      <Execution id="cbb47fe1-cadd-4e7e-a7e6-39047adeba96" />
      <TestMethod codeBase="C:\Users\lucas\AppData\Local\GymTrackBuild\bin\GymTrack.Tests\Debug\net10.0\GymTrack.Tests.dll" adapterTypeName="executor://xunit/VsTestRunner3/netcore/" className="GymTrack.Tests.WorkoutEditViewModelTests" name="SaveAsync_InvalidInput_DoesNotCallDao" />
    </UnitTest>
    <UnitTest name="GymTrack.Tests.WorkoutEditViewModelTests.InitializeAsync_MissingWorkout_DisablesSave" storage="c:\users\lucas\appdata\local\gymtrackbuild\bin\gymtrack.tests\debug\net10.0\gymtrack.tests.dll" id="846ac8b9-926a-5f08-067a-fcce3be0065e">
      <Execution id="e82fd162-e2fd-4ed1-8a82-344171662a8d" />
      <TestMethod codeBase="C:\Users\lucas\AppData\Local\GymTrackBuild\bin\GymTrack.Tests\Debug\net10.0\GymTrack.Tests.dll" adapterTypeName="executor://xunit/VsTestRunner3/netcore/" className="GymTrack.Tests.WorkoutEditViewModelTests" name="InitializeAsync_MissingWorkout_DisablesSave" />
    </UnitTest>
    <UnitTest name="GymTrack.Tests.WorkoutEditViewModelTests.SaveAsync_ComposedWorkout_PersistsCurrentOrderAndPlans" storage="c:\users\lucas\appdata\local\gymtrackbuild\bin\gymtrack.tests\debug\net10.0\gymtrack.tests.dll" id="fa1787bb-f331-78a3-9dbf-eeb198600b42">
      <Execution id="208e5300-c9d7-40d5-8c18-c6eb1db93ad2" />
      <TestMethod codeBase="C:\Users\lucas\AppData\Local\GymTrackBuild\bin\GymTrack.Tests\Debug\net10.0\GymTrack.Tests.dll" adapterTypeName="executor://xunit/VsTestRunner3/netcore/" className="GymTrack.Tests.WorkoutEditViewModelTests" name="SaveAsync_ComposedWorkout_PersistsCurrentOrderAndPlans" />
    </UnitTest>
    <UnitTest name="GymTrack.Tests.WorkoutDaoTests.SaveAsync_InvalidPlan_RollsBackNewWorkout(plannedSets: 3, plannedReps: 10, plannedLoad: -0,5)" storage="c:\users\lucas\appdata\local\gymtrackbuild\bin\gymtrack.tests\debug\net10.0\gymtrack.tests.dll" id="7e4c85ee-094d-44cb-53b6-bd8867ce055b">
      <Execution id="a2f98f96-3c69-4410-8e9e-326b753689bb" />
      <TestMethod codeBase="C:\Users\lucas\AppData\Local\GymTrackBuild\bin\GymTrack.Tests\Debug\net10.0\GymTrack.Tests.dll" adapterTypeName="executor://xunit/VsTestRunner3/netcore/" className="GymTrack.Tests.WorkoutDaoTests" name="SaveAsync_InvalidPlan_RollsBackNewWorkout" />
    </UnitTest>
    <UnitTest name="GymTrack.Tests.ExerciseViewModelTests.SaveAsync_ExistingExercise_UpdatesAndExcludesOwnIdFromDuplicateCheck" storage="c:\users\lucas\appdata\local\gymtrackbuild\bin\gymtrack.tests\debug\net10.0\gymtrack.tests.dll" id="38502e21-d327-2a9b-32ab-ac80605c8ca5">
      <Execution id="bdae22dd-4c8a-442e-ba3d-8dbebae0646c" />
      <TestMethod codeBase="C:\Users\lucas\AppData\Local\GymTrackBuild\bin\GymTrack.Tests\Debug\net10.0\GymTrack.Tests.dll" adapterTypeName="executor://xunit/VsTestRunner3/netcore/" className="GymTrack.Tests.ExerciseViewModelTests" name="SaveAsync_ExistingExercise_UpdatesAndExcludesOwnIdFromDuplicateCheck" />
    </UnitTest>
    <UnitTest name="GymTrack.Tests.WorkoutDaoTests.SaveAsync_WhenCompositionFails_RollsBackPreviousData" storage="c:\users\lucas\appdata\local\gymtrackbuild\bin\gymtrack.tests\debug\net10.0\gymtrack.tests.dll" id="018e32ed-7139-801d-e3c3-ebd5a9a206e7">
      <Execution id="ba3b041b-fab9-4397-a081-aaa9c5fd8ca4" />
      <TestMethod codeBase="C:\Users\lucas\AppData\Local\GymTrackBuild\bin\GymTrack.Tests\Debug\net10.0\GymTrack.Tests.dll" adapterTypeName="executor://xunit/VsTestRunner3/netcore/" className="GymTrack.Tests.WorkoutDaoTests" name="SaveAsync_WhenCompositionFails_RollsBackPreviousData" />
    </UnitTest>
    <UnitTest name="GymTrack.Tests.WorkoutDaoTests.SaveAsync_InvalidPlan_RollsBackNewWorkout(plannedSets: 3, plannedReps: 101, plannedLoad: 0)" storage="c:\users\lucas\appdata\local\gymtrackbuild\bin\gymtrack.tests\debug\net10.0\gymtrack.tests.dll" id="923cc5cd-2e82-a6e1-42d0-367aad9eba06">
      <Execution id="9f2ca318-9406-4d96-89e2-5721202ab357" />
      <TestMethod codeBase="C:\Users\lucas\AppData\Local\GymTrackBuild\bin\GymTrack.Tests\Debug\net10.0\GymTrack.Tests.dll" adapterTypeName="executor://xunit/VsTestRunner3/netcore/" className="GymTrack.Tests.WorkoutDaoTests" name="SaveAsync_InvalidPlan_RollsBackNewWorkout" />
    </UnitTest>
    <UnitTest name="GymTrack.Tests.WorkoutSessionViewModelTests.AddAndRemoveSet_UpdatesPlannedProgress" storage="c:\users\lucas\appdata\local\gymtrackbuild\bin\gymtrack.tests\debug\net10.0\gymtrack.tests.dll" id="edc3bfdf-b8ef-651c-bd3f-1a0af8338774">
      <Execution id="43ab4048-e751-4f20-ae7d-dd48d701f3d3" />
      <TestMethod codeBase="C:\Users\lucas\AppData\Local\GymTrackBuild\bin\GymTrack.Tests\Debug\net10.0\GymTrack.Tests.dll" adapterTypeName="executor://xunit/VsTestRunner3/netcore/" className="GymTrack.Tests.WorkoutSessionViewModelTests" name="AddAndRemoveSet_UpdatesPlannedProgress" />
    </UnitTest>
    <UnitTest name="GymTrack.Tests.WorkoutSessionViewModelTests.FinishAsync_SetsFinishedAtShowsSummaryAndCloses" storage="c:\users\lucas\appdata\local\gymtrackbuild\bin\gymtrack.tests\debug\net10.0\gymtrack.tests.dll" id="51af7c1d-381e-2999-9c8c-43112e65d293">
      <Execution id="4601cede-053c-4144-8166-4f9dc6f5c02b" />
      <TestMethod codeBase="C:\Users\lucas\AppData\Local\GymTrackBuild\bin\GymTrack.Tests\Debug\net10.0\GymTrack.Tests.dll" adapterTypeName="executor://xunit/VsTestRunner3/netcore/" className="GymTrack.Tests.WorkoutSessionViewModelTests" name="FinishAsync_SetsFinishedAtShowsSummaryAndCloses" />
    </UnitTest>
    <UnitTest name="GymTrack.Tests.ExerciseViewModelTests.SaveAsync_InvalidData_DoesNotPersist(name: &quot;A&quot;, muscleGroup: &quot;Peito&quot;, notes: &quot;&quot;)" storage="c:\users\lucas\appdata\local\gymtrackbuild\bin\gymtrack.tests\debug\net10.0\gymtrack.tests.dll" id="9a984933-199a-6e4f-110e-c788408a40b1">
      <Execution id="9eaf77f7-aeb6-44c0-a05e-02fffafed9c5" />
      <TestMethod codeBase="C:\Users\lucas\AppData\Local\GymTrackBuild\bin\GymTrack.Tests\Debug\net10.0\GymTrack.Tests.dll" adapterTypeName="executor://xunit/VsTestRunner3/netcore/" className="GymTrack.Tests.ExerciseViewModelTests" name="SaveAsync_InvalidData_DoesNotPersist" />
    </UnitTest>
    <UnitTest name="GymTrack.Tests.WorkoutsViewModelTests.AddAndManageCommands_RequestTheExpectedRoutes" storage="c:\users\lucas\appdata\local\gymtrackbuild\bin\gymtrack.tests\debug\net10.0\gymtrack.tests.dll" id="b1844a79-7b42-14ca-726b-c6a3ebe05930">
      <Execution id="d5ae655e-b551-4510-b247-849dadb51af3" />
      <TestMethod codeBase="C:\Users\lucas\AppData\Local\GymTrackBuild\bin\GymTrack.Tests\Debug\net10.0\GymTrack.Tests.dll" adapterTypeName="executor://xunit/VsTestRunner3/netcore/" className="GymTrack.Tests.WorkoutsViewModelTests" name="AddAndManageCommands_RequestTheExpectedRoutes" />
    </UnitTest>
    <UnitTest name="GymTrack.Tests.DatabaseInitializationTests.InitializeAsync_CalledConcurrently_CreatesSchemaOnce" storage="c:\users\lucas\appdata\local\gymtrackbuild\bin\gymtrack.tests\debug\net10.0\gymtrack.tests.dll" id="30aff63f-92f6-5b3b-dc10-3fc68ecfd817">
      <Execution id="7ca60042-d3b8-4d71-9593-b06bd530f5f0" />
      <TestMethod codeBase="C:\Users\lucas\AppData\Local\GymTrackBuild\bin\GymTrack.Tests\Debug\net10.0\GymTrack.Tests.dll" adapterTypeName="executor://xunit/VsTestRunner3/netcore/" className="GymTrack.Tests.DatabaseInitializationTests" name="InitializeAsync_CalledConcurrently_CreatesSchemaOnce" />
    </UnitTest>
    <UnitTest name="GymTrack.Tests.SessionDaoTests.SessionAndSets_CanBeInsertedUpdatedAndRead" storage="c:\users\lucas\appdata\local\gymtrackbuild\bin\gymtrack.tests\debug\net10.0\gymtrack.tests.dll" id="b438eb67-dd31-271b-c5f9-3c1a10a5ed47">
      <Execution id="22137bdc-0c63-45aa-a6c5-0315a84de717" />
      <TestMethod codeBase="C:\Users\lucas\AppData\Local\GymTrackBuild\bin\GymTrack.Tests\Debug\net10.0\GymTrack.Tests.dll" adapterTypeName="executor://xunit/VsTestRunner3/netcore/" className="GymTrack.Tests.SessionDaoTests" name="SessionAndSets_CanBeInsertedUpdatedAndRead" />
    </UnitTest>
    <UnitTest name="GymTrack.Tests.SessionDaoTests.ActiveSessionAndPreviousPerformance_CanBeLoaded" storage="c:\users\lucas\appdata\local\gymtrackbuild\bin\gymtrack.tests\debug\net10.0\gymtrack.tests.dll" id="f3fac423-dcfe-386a-83d8-b92f8cff974c">
      <Execution id="0695f6ec-6b85-439b-93bf-819fe81b12fd" />
      <TestMethod codeBase="C:\Users\lucas\AppData\Local\GymTrackBuild\bin\GymTrack.Tests\Debug\net10.0\GymTrack.Tests.dll" adapterTypeName="executor://xunit/VsTestRunner3/netcore/" className="GymTrack.Tests.SessionDaoTests" name="ActiveSessionAndPreviousPerformance_CanBeLoaded" />
    </UnitTest>
    <UnitTest name="GymTrack.Tests.WorkoutEditViewModelTests.SaveAsync_EmptyDraft_PersistsTrimmedDataAndCloses" storage="c:\users\lucas\appdata\local\gymtrackbuild\bin\gymtrack.tests\debug\net10.0\gymtrack.tests.dll" id="3396f5c4-2c49-359d-7268-da600eb0a674">
      <Execution id="83007ec9-8cdf-49d8-9a0b-41b88cf2a133" />
      <TestMethod codeBase="C:\Users\lucas\AppData\Local\GymTrackBuild\bin\GymTrack.Tests\Debug\net10.0\GymTrack.Tests.dll" adapterTypeName="executor://xunit/VsTestRunner3/netcore/" className="GymTrack.Tests.WorkoutEditViewModelTests" name="SaveAsync_EmptyDraft_PersistsTrimmedDataAndCloses" />
    </UnitTest>
    <UnitTest name="GymTrack.Tests.WorkoutsViewModelTests.StartComposedWorkout_RaisesStartRequest" storage="c:\users\lucas\appdata\local\gymtrackbuild\bin\gymtrack.tests\debug\net10.0\gymtrack.tests.dll" id="dafc617e-e528-152c-5c90-e19841248f21">
      <Execution id="b12dc6f2-f253-40a1-b99e-51141bb35a9f" />
      <TestMethod codeBase="C:\Users\lucas\AppData\Local\GymTrackBuild\bin\GymTrack.Tests\Debug\net10.0\GymTrack.Tests.dll" adapterTypeName="executor://xunit/VsTestRunner3/netcore/" className="GymTrack.Tests.WorkoutsViewModelTests" name="StartComposedWorkout_RaisesStartRequest" />
    </UnitTest>
    <UnitTest name="GymTrack.Tests.SessionDaoTests.SaveSetAsync_RejectsInvalidNumbers" storage="c:\users\lucas\appdata\local\gymtrackbuild\bin\gymtrack.tests\debug\net10.0\gymtrack.tests.dll" id="31f0f071-bbba-34b7-33ac-3ede4e2fcc7a">
      <Execution id="1d5aa0cd-3367-40f5-8dab-3b9b7daf863d" />
      <TestMethod codeBase="C:\Users\lucas\AppData\Local\GymTrackBuild\bin\GymTrack.Tests\Debug\net10.0\GymTrack.Tests.dll" adapterTypeName="executor://xunit/VsTestRunner3/netcore/" className="GymTrack.Tests.SessionDaoTests" name="SaveSetAsync_RejectsInvalidNumbers" />
    </UnitTest>
    <UnitTest name="GymTrack.Tests.ExerciseViewModelTests.RemoveAsync_WhenConfirmationIsCancelled_DoesNothing" storage="c:\users\lucas\appdata\local\gymtrackbuild\bin\gymtrack.tests\debug\net10.0\gymtrack.tests.dll" id="5e2acfcc-cd3f-506e-a783-49db9dfc2777">
      <Execution id="7ff4b6c5-06d3-4040-9b39-c2452252a0f3" />
      <TestMethod codeBase="C:\Users\lucas\AppData\Local\GymTrackBuild\bin\GymTrack.Tests\Debug\net10.0\GymTrack.Tests.dll" adapterTypeName="executor://xunit/VsTestRunner3/netcore/" className="GymTrack.Tests.ExerciseViewModelTests" name="RemoveAsync_WhenConfirmationIsCancelled_DoesNothing" />
    </UnitTest>
    <UnitTest name="GymTrack.Tests.ExerciseViewModelTests.RemoveAsync_WithoutReferences_DeletesExercise" storage="c:\users\lucas\appdata\local\gymtrackbuild\bin\gymtrack.tests\debug\net10.0\gymtrack.tests.dll" id="c6071447-99cf-7e91-7056-d20aa4b661c9">
      <Execution id="3c50d5c5-575d-4ffc-9fee-4f124ff8b1de" />
      <TestMethod codeBase="C:\Users\lucas\AppData\Local\GymTrackBuild\bin\GymTrack.Tests\Debug\net10.0\GymTrack.Tests.dll" adapterTypeName="executor://xunit/VsTestRunner3/netcore/" className="GymTrack.Tests.ExerciseViewModelTests" name="RemoveAsync_WithoutReferences_DeletesExercise" />
    </UnitTest>
    <UnitTest name="GymTrack.Tests.WorkoutsViewModelTests.DeleteWorkout_WithSessions_IsPreservedWithoutConfirmation" storage="c:\users\lucas\appdata\local\gymtrackbuild\bin\gymtrack.tests\debug\net10.0\gymtrack.tests.dll" id="b1bf3189-41ef-1b67-a6de-a7214ccc5ae6">
      <Execution id="31bc4276-8cb4-42b1-bc00-23b44f6f83b4" />
      <TestMethod codeBase="C:\Users\lucas\AppData\Local\GymTrackBuild\bin\GymTrack.Tests\Debug\net10.0\GymTrack.Tests.dll" adapterTypeName="executor://xunit/VsTestRunner3/netcore/" className="GymTrack.Tests.WorkoutsViewModelTests" name="DeleteWorkout_WithSessions_IsPreservedWithoutConfirmation" />
    </UnitTest>
    <UnitTest name="GymTrack.Tests.WorkoutsViewModelTests.DeleteDraftWorkout_WhenConfirmed_DeletesAndReloadsList" storage="c:\users\lucas\appdata\local\gymtrackbuild\bin\gymtrack.tests\debug\net10.0\gymtrack.tests.dll" id="660f4b9d-ef10-354d-dfa4-d851b78146f9">
      <Execution id="5ee447cd-c20b-48a4-9105-87c95fdded9a" />
      <TestMethod codeBase="C:\Users\lucas\AppData\Local\GymTrackBuild\bin\GymTrack.Tests\Debug\net10.0\GymTrack.Tests.dll" adapterTypeName="executor://xunit/VsTestRunner3/netcore/" className="GymTrack.Tests.WorkoutsViewModelTests" name="DeleteDraftWorkout_WhenConfirmed_DeletesAndReloadsList" />
    </UnitTest>
    <UnitTest name="GymTrack.Tests.WorkoutEditViewModelTests.SaveAsync_ExistingWorkout_KeepsItsIdentity" storage="c:\users\lucas\appdata\local\gymtrackbuild\bin\gymtrack.tests\debug\net10.0\gymtrack.tests.dll" id="7b361946-943a-f0c0-0703-883b23b40b48">
      <Execution id="5f3c2c72-a129-4124-904a-48593ad12560" />
      <TestMethod codeBase="C:\Users\lucas\AppData\Local\GymTrackBuild\bin\GymTrack.Tests\Debug\net10.0\GymTrack.Tests.dll" adapterTypeName="executor://xunit/VsTestRunner3/netcore/" className="GymTrack.Tests.WorkoutEditViewModelTests" name="SaveAsync_ExistingWorkout_KeepsItsIdentity" />
    </UnitTest>
    <UnitTest name="GymTrack.Tests.ExerciseViewModelTests.SaveAsync_InvalidData_DoesNotPersist(name: &quot;&quot;, muscleGroup: &quot;Peito&quot;, notes: &quot;&quot;)" storage="c:\users\lucas\appdata\local\gymtrackbuild\bin\gymtrack.tests\debug\net10.0\gymtrack.tests.dll" id="4e0eaa06-3ef0-f60a-0758-6affa42eab35">
      <Execution id="f1fe9c21-9ad8-4cdb-9802-00624a4b050d" />
      <TestMethod codeBase="C:\Users\lucas\AppData\Local\GymTrackBuild\bin\GymTrack.Tests\Debug\net10.0\GymTrack.Tests.dll" adapterTypeName="executor://xunit/VsTestRunner3/netcore/" className="GymTrack.Tests.ExerciseViewModelTests" name="SaveAsync_InvalidData_DoesNotPersist" />
    </UnitTest>
    <UnitTest name="GymTrack.Tests.WorkoutEditViewModelTests.SaveAsync_InvalidInput_DoesNotCallDao(name: &quot;Treino&quot;, plannedSets: 3, plannedReps: &quot;10&quot;, plannedLoad: &quot;-1&quot;, expectedMessage: &quot;carga&quot;)" storage="c:\users\lucas\appdata\local\gymtrackbuild\bin\gymtrack.tests\debug\net10.0\gymtrack.tests.dll" id="04197301-9ad6-3c02-eaa9-5719cbe4caed">
      <Execution id="18d1afcc-8b20-4bf4-9297-bdc78a8d7ae6" />
      <TestMethod codeBase="C:\Users\lucas\AppData\Local\GymTrackBuild\bin\GymTrack.Tests\Debug\net10.0\GymTrack.Tests.dll" adapterTypeName="executor://xunit/VsTestRunner3/netcore/" className="GymTrack.Tests.WorkoutEditViewModelTests" name="SaveAsync_InvalidInput_DoesNotCallDao" />
    </UnitTest>
    <UnitTest name="GymTrack.Tests.ExerciseViewModelTests.SaveAsync_DuplicateExercise_IsRejected" storage="c:\users\lucas\appdata\local\gymtrackbuild\bin\gymtrack.tests\debug\net10.0\gymtrack.tests.dll" id="8dafc77c-f8f1-a535-f009-9e1427402e90">
      <Execution id="227cca56-0ece-46ba-888c-4182fe3ccc6c" />
      <TestMethod codeBase="C:\Users\lucas\AppData\Local\GymTrackBuild\bin\GymTrack.Tests\Debug\net10.0\GymTrack.Tests.dll" adapterTypeName="executor://xunit/VsTestRunner3/netcore/" className="GymTrack.Tests.ExerciseViewModelTests" name="SaveAsync_DuplicateExercise_IsRejected" />
    </UnitTest>
    <UnitTest name="GymTrack.Tests.ExerciseViewModelTests.LoadAsync_PopulatesActiveExercises" storage="c:\users\lucas\appdata\local\gymtrackbuild\bin\gymtrack.tests\debug\net10.0\gymtrack.tests.dll" id="5481c982-b6d8-52a0-ca64-5d05c3d7193a">
      <Execution id="f46c7619-2fa8-480d-aab0-a62acc164d60" />
      <TestMethod codeBase="C:\Users\lucas\AppData\Local\GymTrackBuild\bin\GymTrack.Tests\Debug\net10.0\GymTrack.Tests.dll" adapterTypeName="executor://xunit/VsTestRunner3/netcore/" className="GymTrack.Tests.ExerciseViewModelTests" name="LoadAsync_PopulatesActiveExercises" />
    </UnitTest>
    <UnitTest name="GymTrack.Tests.WorkoutEditViewModelTests.AddExercise_PreventsDuplicateAndInactiveExercise" storage="c:\users\lucas\appdata\local\gymtrackbuild\bin\gymtrack.tests\debug\net10.0\gymtrack.tests.dll" id="ce9f63af-d7eb-d425-3245-4c13e2b646e5">
      <Execution id="8416f179-abd9-425e-89cb-7742556facc8" />
      <TestMethod codeBase="C:\Users\lucas\AppData\Local\GymTrackBuild\bin\GymTrack.Tests\Debug\net10.0\GymTrack.Tests.dll" adapterTypeName="executor://xunit/VsTestRunner3/netcore/" className="GymTrack.Tests.WorkoutEditViewModelTests" name="AddExercise_PreventsDuplicateAndInactiveExercise" />
    </UnitTest>
    <UnitTest name="GymTrack.Tests.WorkoutDaoTests.SaveAsync_PersistsWorkoutAndOrderedComposition" storage="c:\users\lucas\appdata\local\gymtrackbuild\bin\gymtrack.tests\debug\net10.0\gymtrack.tests.dll" id="fccdab6f-e577-fcc2-e3e2-6108cf2a25a7">
      <Execution id="0bb0132c-a3f8-4b3e-bfde-99fb18353377" />
      <TestMethod codeBase="C:\Users\lucas\AppData\Local\GymTrackBuild\bin\GymTrack.Tests\Debug\net10.0\GymTrack.Tests.dll" adapterTypeName="executor://xunit/VsTestRunner3/netcore/" className="GymTrack.Tests.WorkoutDaoTests" name="SaveAsync_PersistsWorkoutAndOrderedComposition" />
    </UnitTest>
    <UnitTest name="GymTrack.Tests.WorkoutDaoTests.SaveAsync_DuplicateExercise_RollsBackNewWorkout" storage="c:\users\lucas\appdata\local\gymtrackbuild\bin\gymtrack.tests\debug\net10.0\gymtrack.tests.dll" id="3b43ffc3-5062-5703-4ddb-325d49c2b69c">
      <Execution id="dd440439-be17-4e99-bd30-1ff442638099" />
      <TestMethod codeBase="C:\Users\lucas\AppData\Local\GymTrackBuild\bin\GymTrack.Tests\Debug\net10.0\GymTrack.Tests.dll" adapterTypeName="executor://xunit/VsTestRunner3/netcore/" className="GymTrack.Tests.WorkoutDaoTests" name="SaveAsync_DuplicateExercise_RollsBackNewWorkout" />
    </UnitTest>
    <UnitTest name="GymTrack.Tests.WorkoutDaoTests.SaveAsync_InvalidPlan_RollsBackNewWorkout(plannedSets: 3, plannedReps: 0, plannedLoad: 0)" storage="c:\users\lucas\appdata\local\gymtrackbuild\bin\gymtrack.tests\debug\net10.0\gymtrack.tests.dll" id="2f01ac6c-4c73-6508-8db8-77a41c6e1b75">
      <Execution id="37cba069-86bd-4869-b720-bb22e59711ef" />
      <TestMethod codeBase="C:\Users\lucas\AppData\Local\GymTrackBuild\bin\GymTrack.Tests\Debug\net10.0\GymTrack.Tests.dll" adapterTypeName="executor://xunit/VsTestRunner3/netcore/" className="GymTrack.Tests.WorkoutDaoTests" name="SaveAsync_InvalidPlan_RollsBackNewWorkout" />
    </UnitTest>
    <UnitTest name="GymTrack.Tests.ExerciseViewModelTests.SaveAsync_InvalidData_DoesNotPersist(name: &quot;Supino reto&quot;, muscleGroup: &quot;Peito&quot;, notes: &quot;NNNNNNNNNNNNNNNNNNNNNNNNNNNNNNNNNNNNNNNNNNNNNNNNNN&quot;···)" storage="c:\users\lucas\appdata\local\gymtrackbuild\bin\gymtrack.tests\debug\net10.0\gymtrack.tests.dll" id="5a1be1a9-7539-5c54-585a-4e5fe1087a62">
      <Execution id="1f37e41d-2dcc-471d-b3e9-64f8d5edc8bf" />
      <TestMethod codeBase="C:\Users\lucas\AppData\Local\GymTrackBuild\bin\GymTrack.Tests\Debug\net10.0\GymTrack.Tests.dll" adapterTypeName="executor://xunit/VsTestRunner3/netcore/" className="GymTrack.Tests.ExerciseViewModelTests" name="SaveAsync_InvalidData_DoesNotPersist" />
    </UnitTest>
    <UnitTest name="GymTrack.Tests.ExerciseViewModelTests.RemoveAsync_WithReferences_ArchivesExercise" storage="c:\users\lucas\appdata\local\gymtrackbuild\bin\gymtrack.tests\debug\net10.0\gymtrack.tests.dll" id="0e487aa2-766e-adc1-5ed1-0effb314fd18">
      <Execution id="0730d999-6c98-4e75-85e7-7bdac90d9f00" />
      <TestMethod codeBase="C:\Users\lucas\AppData\Local\GymTrackBuild\bin\GymTrack.Tests\Debug\net10.0\GymTrack.Tests.dll" adapterTypeName="executor://xunit/VsTestRunner3/netcore/" className="GymTrack.Tests.ExerciseViewModelTests" name="RemoveAsync_WithReferences_ArchivesExercise" />
    </UnitTest>
    <UnitTest name="GymTrack.Tests.ExercisePickerViewModelTests.SearchTextChange_LoadsMatchingExercisesAfterDebounce" storage="c:\users\lucas\appdata\local\gymtrackbuild\bin\gymtrack.tests\debug\net10.0\gymtrack.tests.dll" id="ddade52a-c016-f121-9396-602929734ac1">
      <Execution id="c0b216da-f21d-4df2-983e-5672221085b8" />
      <TestMethod codeBase="C:\Users\lucas\AppData\Local\GymTrackBuild\bin\GymTrack.Tests\Debug\net10.0\GymTrack.Tests.dll" adapterTypeName="executor://xunit/VsTestRunner3/netcore/" className="GymTrack.Tests.ExercisePickerViewModelTests" name="SearchTextChange_LoadsMatchingExercisesAfterDebounce" />
    </UnitTest>
    <UnitTest name="GymTrack.Tests.ExerciseDaoTests.CrudAndSearch_RoundTripExerciseData" storage="c:\users\lucas\appdata\local\gymtrackbuild\bin\gymtrack.tests\debug\net10.0\gymtrack.tests.dll" id="bf8997fe-8d03-9d79-5f26-1ff2919f247e">
      <Execution id="08ec5e49-0345-46df-bd85-62ffd476cdc5" />
      <TestMethod codeBase="C:\Users\lucas\AppData\Local\GymTrackBuild\bin\GymTrack.Tests\Debug\net10.0\GymTrack.Tests.dll" adapterTypeName="executor://xunit/VsTestRunner3/netcore/" className="GymTrack.Tests.ExerciseDaoTests" name="CrudAndSearch_RoundTripExerciseData" />
    </UnitTest>
    <UnitTest name="GymTrack.Tests.SessionDaoTests.HistorySummaries_AreFilteredOrderedAndCalculateVolume" storage="c:\users\lucas\appdata\local\gymtrackbuild\bin\gymtrack.tests\debug\net10.0\gymtrack.tests.dll" id="c2028900-b1a6-ba88-1af8-af50b653c3bb">
      <Execution id="b9d538e2-df8d-4590-8bc8-9858eaaa1691" />
      <TestMethod codeBase="C:\Users\lucas\AppData\Local\GymTrackBuild\bin\GymTrack.Tests\Debug\net10.0\GymTrack.Tests.dll" adapterTypeName="executor://xunit/VsTestRunner3/netcore/" className="GymTrack.Tests.SessionDaoTests" name="HistorySummaries_AreFilteredOrderedAndCalculateVolume" />
    </UnitTest>
    <UnitTest name="GymTrack.Tests.ExerciseViewModelTests.SaveAsync_InvalidData_DoesNotPersist(name: &quot;AAAAAAAAAAAAAAAAAAAAAAAAAAAAAAAAAAAAAAAAAAAAAAAAAA&quot;···, muscleGroup: &quot;Peito&quot;, notes: &quot;&quot;)" storage="c:\users\lucas\appdata\local\gymtrackbuild\bin\gymtrack.tests\debug\net10.0\gymtrack.tests.dll" id="1cf6307d-9f13-da89-1968-aa0b0a334a6e">
      <Execution id="c840ddb4-49d4-45c9-a041-204546ab4394" />
      <TestMethod codeBase="C:\Users\lucas\AppData\Local\GymTrackBuild\bin\GymTrack.Tests\Debug\net10.0\GymTrack.Tests.dll" adapterTypeName="executor://xunit/VsTestRunner3/netcore/" className="GymTrack.Tests.ExerciseViewModelTests" name="SaveAsync_InvalidData_DoesNotPersist" />
    </UnitTest>
    <UnitTest name="GymTrack.Tests.WorkoutsViewModelTests.DeleteDraftWorkout_WhenCancelled_DoesNotDelete" storage="c:\users\lucas\appdata\local\gymtrackbuild\bin\gymtrack.tests\debug\net10.0\gymtrack.tests.dll" id="ba2a72df-c299-d9d7-fec4-98012a7be2d2">
      <Execution id="4e4d4c38-64ac-4ade-8650-79b0aff11db3" />
      <TestMethod codeBase="C:\Users\lucas\AppData\Local\GymTrackBuild\bin\GymTrack.Tests\Debug\net10.0\GymTrack.Tests.dll" adapterTypeName="executor://xunit/VsTestRunner3/netcore/" className="GymTrack.Tests.WorkoutsViewModelTests" name="DeleteDraftWorkout_WhenCancelled_DoesNotDelete" />
    </UnitTest>
    <UnitTest name="GymTrack.Tests.WorkoutEditViewModelTests.SaveAsync_InvalidInput_DoesNotCallDao(name: &quot;Treino&quot;, plannedSets: 3, plannedReps: &quot;101&quot;, plannedLoad: &quot;&quot;, expectedMessage: &quot;repetições&quot;)" storage="c:\users\lucas\appdata\local\gymtrackbuild\bin\gymtrack.tests\debug\net10.0\gymtrack.tests.dll" id="9068d4f7-7b42-1798-a3ff-0334b566b96b">
      <Execution id="b1bd8e87-bd7c-4a77-b224-18e4950ed811" />
      <TestMethod codeBase="C:\Users\lucas\AppData\Local\GymTrackBuild\bin\GymTrack.Tests\Debug\net10.0\GymTrack.Tests.dll" adapterTypeName="executor://xunit/VsTestRunner3/netcore/" className="GymTrack.Tests.WorkoutEditViewModelTests" name="SaveAsync_InvalidInput_DoesNotCallDao" />
    </UnitTest>
    <UnitTest name="GymTrack.Tests.WorkoutDaoTests.SaveAsync_UpdatingWorkout_ReplacesCompositionAndPreservesOrder" storage="c:\users\lucas\appdata\local\gymtrackbuild\bin\gymtrack.tests\debug\net10.0\gymtrack.tests.dll" id="745c2c26-8651-ec70-920e-6efb9be74b83">
      <Execution id="078bb80f-d585-4334-9f4b-8817658dbedd" />
      <TestMethod codeBase="C:\Users\lucas\AppData\Local\GymTrackBuild\bin\GymTrack.Tests\Debug\net10.0\GymTrack.Tests.dll" adapterTypeName="executor://xunit/VsTestRunner3/netcore/" className="GymTrack.Tests.WorkoutDaoTests" name="SaveAsync_UpdatingWorkout_ReplacesCompositionAndPreservesOrder" />
    </UnitTest>
    <UnitTest name="GymTrack.Tests.WorkoutDaoTests.DeleteAsync_RemovesDraftAndComposition" storage="c:\users\lucas\appdata\local\gymtrackbuild\bin\gymtrack.tests\debug\net10.0\gymtrack.tests.dll" id="222c0060-5a1b-5f29-8f98-016567d90d61">
      <Execution id="2469e105-18a7-4579-acc8-b2ff5aeaefb5" />
      <TestMethod codeBase="C:\Users\lucas\AppData\Local\GymTrackBuild\bin\GymTrack.Tests\Debug\net10.0\GymTrack.Tests.dll" adapterTypeName="executor://xunit/VsTestRunner3/netcore/" className="GymTrack.Tests.WorkoutDaoTests" name="DeleteAsync_RemovesDraftAndComposition" />
    </UnitTest>
    <UnitTest name="GymTrack.Tests.WorkoutEditViewModelTests.SaveAsync_InvalidInput_DoesNotCallDao(name: &quot;A&quot;, plannedSets: 3, plannedReps: &quot;10&quot;, plannedLoad: &quot;&quot;, expectedMessage: &quot;nome&quot;)" storage="c:\users\lucas\appdata\local\gymtrackbuild\bin\gymtrack.tests\debug\net10.0\gymtrack.tests.dll" id="cd5548c7-7d4d-1c30-8840-982ce1fecd6c">
      <Execution id="cc0a264a-eb57-4c37-b874-b10bbcd7a83f" />
      <TestMethod codeBase="C:\Users\lucas\AppData\Local\GymTrackBuild\bin\GymTrack.Tests\Debug\net10.0\GymTrack.Tests.dll" adapterTypeName="executor://xunit/VsTestRunner3/netcore/" className="GymTrack.Tests.WorkoutEditViewModelTests" name="SaveAsync_InvalidInput_DoesNotCallDao" />
    </UnitTest>
    <UnitTest name="GymTrack.Tests.ExerciseViewModelTests.SaveAsync_NewExercise_InsertsTrimmedValuesAndCloses" storage="c:\users\lucas\appdata\local\gymtrackbuild\bin\gymtrack.tests\debug\net10.0\gymtrack.tests.dll" id="3b56bc0d-7b79-093c-b2fc-b552397d3f1a">
      <Execution id="6ed23788-450d-457f-bf5e-1caf00457742" />
      <TestMethod codeBase="C:\Users\lucas\AppData\Local\GymTrackBuild\bin\GymTrack.Tests\Debug\net10.0\GymTrack.Tests.dll" adapterTypeName="executor://xunit/VsTestRunner3/netcore/" className="GymTrack.Tests.ExerciseViewModelTests" name="SaveAsync_NewExercise_InsertsTrimmedValuesAndCloses" />
    </UnitTest>
    <UnitTest name="GymTrack.Tests.ExercisePickerViewModelTests.InitializeAsync_ListsOnlyActiveExercisesNotAlreadySelected" storage="c:\users\lucas\appdata\local\gymtrackbuild\bin\gymtrack.tests\debug\net10.0\gymtrack.tests.dll" id="308e0762-b985-e076-f61e-dfc7a6905a92">
      <Execution id="7213873f-11bc-498e-bfc0-7f7489868473" />
      <TestMethod codeBase="C:\Users\lucas\AppData\Local\GymTrackBuild\bin\GymTrack.Tests\Debug\net10.0\GymTrack.Tests.dll" adapterTypeName="executor://xunit/VsTestRunner3/netcore/" className="GymTrack.Tests.ExercisePickerViewModelTests" name="InitializeAsync_ListsOnlyActiveExercisesNotAlreadySelected" />
    </UnitTest>
    <UnitTest name="GymTrack.Tests.ExerciseViewModelTests.SaveAsync_InvalidData_DoesNotPersist(name: &quot;Supino reto&quot;, muscleGroup: null, notes: &quot;&quot;)" storage="c:\users\lucas\appdata\local\gymtrackbuild\bin\gymtrack.tests\debug\net10.0\gymtrack.tests.dll" id="8bd6eb54-ed44-0545-f288-42955e39812f">
      <Execution id="e087ae62-8345-4882-bfef-dd93307cc85b" />
      <TestMethod codeBase="C:\Users\lucas\AppData\Local\GymTrackBuild\bin\GymTrack.Tests\Debug\net10.0\GymTrack.Tests.dll" adapterTypeName="executor://xunit/VsTestRunner3/netcore/" className="GymTrack.Tests.ExerciseViewModelTests" name="SaveAsync_InvalidData_DoesNotPersist" />
    </UnitTest>
    <UnitTest name="GymTrack.Tests.SessionDaoTests.ForeignKeys_RejectOrphanSetRecord" storage="c:\users\lucas\appdata\local\gymtrackbuild\bin\gymtrack.tests\debug\net10.0\gymtrack.tests.dll" id="f8c4de7f-2dd5-b3c3-8b05-915629b2ebdf">
      <Execution id="a461f777-d185-4b48-8474-b32e12626f40" />
      <TestMethod codeBase="C:\Users\lucas\AppData\Local\GymTrackBuild\bin\GymTrack.Tests\Debug\net10.0\GymTrack.Tests.dll" adapterTypeName="executor://xunit/VsTestRunner3/netcore/" className="GymTrack.Tests.SessionDaoTests" name="ForeignKeys_RejectOrphanSetRecord" />
    </UnitTest>
    <UnitTest name="GymTrack.Tests.AnalyticsServiceTests.Progress_CalculatesMaxLoadAndVolumeByFinishedSession" storage="c:\users\lucas\appdata\local\gymtrackbuild\bin\gymtrack.tests\debug\net10.0\gymtrack.tests.dll" id="9297e32c-83a2-68ea-da13-8997089862d2">
      <Execution id="c717860d-59e9-4e72-944d-80d663756e29" />
      <TestMethod codeBase="C:\Users\lucas\AppData\Local\GymTrackBuild\bin\GymTrack.Tests\Debug\net10.0\GymTrack.Tests.dll" adapterTypeName="executor://xunit/VsTestRunner3/netcore/" className="GymTrack.Tests.AnalyticsServiceTests" name="Progress_CalculatesMaxLoadAndVolumeByFinishedSession" />
    </UnitTest>
    <UnitTest name="GymTrack.Tests.ExerciseDaoTests.DeleteAsync_WithWorkoutReference_IsRejectedAndArchivePreservesExercise" storage="c:\users\lucas\appdata\local\gymtrackbuild\bin\gymtrack.tests\debug\net10.0\gymtrack.tests.dll" id="12aa7556-444b-b3b5-14f6-1750cd105600">
      <Execution id="67f693a9-6929-4808-b2f6-78b01aa3ec6a" />
      <TestMethod codeBase="C:\Users\lucas\AppData\Local\GymTrackBuild\bin\GymTrack.Tests\Debug\net10.0\GymTrack.Tests.dll" adapterTypeName="executor://xunit/VsTestRunner3/netcore/" className="GymTrack.Tests.ExerciseDaoTests" name="DeleteAsync_WithWorkoutReference_IsRejectedAndArchivePreservesExercise" />
    </UnitTest>
    <UnitTest name="GymTrack.Tests.DatabaseInitializationTests.InitializeAsync_CreatesFiveTablesAndRequiredIndexes" storage="c:\users\lucas\appdata\local\gymtrackbuild\bin\gymtrack.tests\debug\net10.0\gymtrack.tests.dll" id="78fd7e52-50d9-a1ea-3c6e-8940fbdc5336">
      <Execution id="828f455d-5bb3-4991-a5be-7344c7d1b40f" />
      <TestMethod codeBase="C:\Users\lucas\AppData\Local\GymTrackBuild\bin\GymTrack.Tests\Debug\net10.0\GymTrack.Tests.dll" adapterTypeName="executor://xunit/VsTestRunner3/netcore/" className="GymTrack.Tests.DatabaseInitializationTests" name="InitializeAsync_CreatesFiveTablesAndRequiredIndexes" />
    </UnitTest>
    <UnitTest name="GymTrack.Tests.DatabaseInitializationTests.StoredValues_UseTextNumberAndBooleanRepresentations" storage="c:\users\lucas\appdata\local\gymtrackbuild\bin\gymtrack.tests\debug\net10.0\gymtrack.tests.dll" id="b1421906-bcd3-8b07-77fe-f717e4f1f7ce">
      <Execution id="d19b7ea0-d8e6-43ed-a9dd-e90ddc4bbb75" />
      <TestMethod codeBase="C:\Users\lucas\AppData\Local\GymTrackBuild\bin\GymTrack.Tests\Debug\net10.0\GymTrack.Tests.dll" adapterTypeName="executor://xunit/VsTestRunner3/netcore/" className="GymTrack.Tests.DatabaseInitializationTests" name="StoredValues_UseTextNumberAndBooleanRepresentations" />
    </UnitTest>
    <UnitTest name="GymTrack.Tests.WorkoutsViewModelTests.StartDraftWorkout_ShowsGuidanceAndDoesNotStart" storage="c:\users\lucas\appdata\local\gymtrackbuild\bin\gymtrack.tests\debug\net10.0\gymtrack.tests.dll" id="0640e655-52c8-36aa-b9bc-a93a3e5a1f3d">
      <Execution id="76cf367c-6a5c-4a1b-83d8-db40d08c4aa9" />
      <TestMethod codeBase="C:\Users\lucas\AppData\Local\GymTrackBuild\bin\GymTrack.Tests\Debug\net10.0\GymTrack.Tests.dll" adapterTypeName="executor://xunit/VsTestRunner3/netcore/" className="GymTrack.Tests.WorkoutsViewModelTests" name="StartDraftWorkout_ShowsGuidanceAndDoesNotStart" />
    </UnitTest>
    <UnitTest name="GymTrack.Tests.WorkoutDaoTests.SaveAsync_AllowsEmptyDraftWorkout" storage="c:\users\lucas\appdata\local\gymtrackbuild\bin\gymtrack.tests\debug\net10.0\gymtrack.tests.dll" id="bf36783f-526e-fff9-e09e-73bac5ec60b1">
      <Execution id="f5585069-4ca2-43bc-9e1b-1bdd3868d0c6" />
      <TestMethod codeBase="C:\Users\lucas\AppData\Local\GymTrackBuild\bin\GymTrack.Tests\Debug\net10.0\GymTrack.Tests.dll" adapterTypeName="executor://xunit/VsTestRunner3/netcore/" className="GymTrack.Tests.WorkoutDaoTests" name="SaveAsync_AllowsEmptyDraftWorkout" />
    </UnitTest>
    <UnitTest name="GymTrack.Tests.WorkoutDaoTests.SaveAsync_InvalidPlan_RollsBackNewWorkout(plannedSets: 21, plannedReps: 10, plannedLoad: 0)" storage="c:\users\lucas\appdata\local\gymtrackbuild\bin\gymtrack.tests\debug\net10.0\gymtrack.tests.dll" id="6d3cb67f-2e43-d130-7e4a-7cdf5768a6ec">
      <Execution id="ebc4c5d9-eb26-4ae1-bb73-414790fda022" />
      <TestMethod codeBase="C:\Users\lucas\AppData\Local\GymTrackBuild\bin\GymTrack.Tests\Debug\net10.0\GymTrack.Tests.dll" adapterTypeName="executor://xunit/VsTestRunner3/netcore/" className="GymTrack.Tests.WorkoutDaoTests" name="SaveAsync_InvalidPlan_RollsBackNewWorkout" />
    </UnitTest>
    <UnitTest name="GymTrack.Tests.WorkoutEditViewModelTests.InitializeAsync_LoadsCompositionInOrderIncludingArchivedExercise" storage="c:\users\lucas\appdata\local\gymtrackbuild\bin\gymtrack.tests\debug\net10.0\gymtrack.tests.dll" id="d5d8aaf0-66d6-1a89-4500-aa7af043f4c4">
      <Execution id="7074b8a7-1385-413a-addc-a9783ff3e027" />
      <TestMethod codeBase="C:\Users\lucas\AppData\Local\GymTrackBuild\bin\GymTrack.Tests\Debug\net10.0\GymTrack.Tests.dll" adapterTypeName="executor://xunit/VsTestRunner3/netcore/" className="GymTrack.Tests.WorkoutEditViewModelTests" name="InitializeAsync_LoadsCompositionInOrderIncludingArchivedExercise" />
    </UnitTest>
    <UnitTest name="GymTrack.Tests.ExerciseViewModelTests.ActionsMenu_EditRequestsTheExistingExerciseEditor" storage="c:\users\lucas\appdata\local\gymtrackbuild\bin\gymtrack.tests\debug\net10.0\gymtrack.tests.dll" id="a9e4f909-7661-93bd-e504-71e186be38b7">
      <Execution id="15da31d8-d5f9-4c91-af97-1cd433292763" />
      <TestMethod codeBase="C:\Users\lucas\AppData\Local\GymTrackBuild\bin\GymTrack.Tests\Debug\net10.0\GymTrack.Tests.dll" adapterTypeName="executor://xunit/VsTestRunner3/netcore/" className="GymTrack.Tests.ExerciseViewModelTests" name="ActionsMenu_EditRequestsTheExistingExerciseEditor" />
    </UnitTest>
    <UnitTest name="GymTrack.Tests.WorkoutSessionViewModelTests.CompleteSet_ValidatesAndPersistsWithProgressAndVolume" storage="c:\users\lucas\appdata\local\gymtrackbuild\bin\gymtrack.tests\debug\net10.0\gymtrack.tests.dll" id="2d236539-7dbd-044a-fb5c-9019236cba04">
      <Execution id="2c6bfd3a-4dac-487a-bd9d-79a0cd483c4f" />
      <TestMethod codeBase="C:\Users\lucas\AppData\Local\GymTrackBuild\bin\GymTrack.Tests\Debug\net10.0\GymTrack.Tests.dll" adapterTypeName="executor://xunit/VsTestRunner3/netcore/" className="GymTrack.Tests.WorkoutSessionViewModelTests" name="CompleteSet_ValidatesAndPersistsWithProgressAndVolume" />
    </UnitTest>
    <UnitTest name="GymTrack.Tests.WorkoutEditViewModelTests.CompositionCommands_MoveAndRemoveExercises" storage="c:\users\lucas\appdata\local\gymtrackbuild\bin\gymtrack.tests\debug\net10.0\gymtrack.tests.dll" id="5b6d0481-aa6a-4867-2e68-dcc3947a8ff0">
      <Execution id="d323caf5-cfe4-486a-bce2-14f30862c33a" />
      <TestMethod codeBase="C:\Users\lucas\AppData\Local\GymTrackBuild\bin\GymTrack.Tests\Debug\net10.0\GymTrack.Tests.dll" adapterTypeName="executor://xunit/VsTestRunner3/netcore/" className="GymTrack.Tests.WorkoutEditViewModelTests" name="CompositionCommands_MoveAndRemoveExercises" />
    </UnitTest>
    <UnitTest name="GymTrack.Tests.WorkoutDaoTests.GetSummariesAsync_ReturnsExerciseCountAndLatestSessionStart" storage="c:\users\lucas\appdata\local\gymtrackbuild\bin\gymtrack.tests\debug\net10.0\gymtrack.tests.dll" id="42a9399f-d17a-c5a4-1d6e-c0ab41037521">
      <Execution id="0a65e8b3-af40-43c1-a05c-b0b68adb817a" />
      <TestMethod codeBase="C:\Users\lucas\AppData\Local\GymTrackBuild\bin\GymTrack.Tests\Debug\net10.0\GymTrack.Tests.dll" adapterTypeName="executor://xunit/VsTestRunner3/netcore/" className="GymTrack.Tests.WorkoutDaoTests" name="GetSummariesAsync_ReturnsExerciseCountAndLatestSessionStart" />
    </UnitTest>
  </TestDefinitions>
  <TestEntries>
    <TestEntry testId="04197301-9ad6-3c02-eaa9-5719cbe4caed" executionId="18d1afcc-8b20-4bf4-9297-bdc78a8d7ae6" testListId="8c84fa94-04c1-424b-9868-57a2d4851a1d" />
    <TestEntry testId="5481c982-b6d8-52a0-ca64-5d05c3d7193a" executionId="f46c7619-2fa8-480d-aab0-a62acc164d60" testListId="8c84fa94-04c1-424b-9868-57a2d4851a1d" />
    <TestEntry testId="0e487aa2-766e-adc1-5ed1-0effb314fd18" executionId="0730d999-6c98-4e75-85e7-7bdac90d9f00" testListId="8c84fa94-04c1-424b-9868-57a2d4851a1d" />
    <TestEntry testId="0e51f94c-e9b2-83fb-27df-7bb66846b8d6" executionId="fb7c7379-98ab-4c78-8a0f-a10421687dba" testListId="8c84fa94-04c1-424b-9868-57a2d4851a1d" />
    <TestEntry testId="b1844a79-7b42-14ca-726b-c6a3ebe05930" executionId="d5ae655e-b551-4510-b247-849dadb51af3" testListId="8c84fa94-04c1-424b-9868-57a2d4851a1d" />
    <TestEntry testId="edc3bfdf-b8ef-651c-bd3f-1a0af8338774" executionId="43ab4048-e751-4f20-ae7d-dd48d701f3d3" testListId="8c84fa94-04c1-424b-9868-57a2d4851a1d" />
    <TestEntry testId="cd5548c7-7d4d-1c30-8840-982ce1fecd6c" executionId="cc0a264a-eb57-4c37-b874-b10bbcd7a83f" testListId="8c84fa94-04c1-424b-9868-57a2d4851a1d" />
    <TestEntry testId="8471edcf-cc56-0e35-1a78-b33212b57c42" executionId="aa9609ea-7d3f-4a60-8ff7-9900da393cb1" testListId="8c84fa94-04c1-424b-9868-57a2d4851a1d" />
    <TestEntry testId="f3fac423-dcfe-386a-83d8-b92f8cff974c" executionId="0695f6ec-6b85-439b-93bf-819fe81b12fd" testListId="8c84fa94-04c1-424b-9868-57a2d4851a1d" />
    <TestEntry testId="c2028900-b1a6-ba88-1af8-af50b653c3bb" executionId="b9d538e2-df8d-4590-8bc8-9858eaaa1691" testListId="8c84fa94-04c1-424b-9868-57a2d4851a1d" />
    <TestEntry testId="78fd7e52-50d9-a1ea-3c6e-8940fbdc5336" executionId="828f455d-5bb3-4991-a5be-7344c7d1b40f" testListId="8c84fa94-04c1-424b-9868-57a2d4851a1d" />
    <TestEntry testId="12aa7556-444b-b3b5-14f6-1750cd105600" executionId="67f693a9-6929-4808-b2f6-78b01aa3ec6a" testListId="8c84fa94-04c1-424b-9868-57a2d4851a1d" />
    <TestEntry testId="ba2a72df-c299-d9d7-fec4-98012a7be2d2" executionId="4e4d4c38-64ac-4ade-8650-79b0aff11db3" testListId="8c84fa94-04c1-424b-9868-57a2d4851a1d" />
    <TestEntry testId="5b6d0481-aa6a-4867-2e68-dcc3947a8ff0" executionId="d323caf5-cfe4-486a-bce2-14f30862c33a" testListId="8c84fa94-04c1-424b-9868-57a2d4851a1d" />
    <TestEntry testId="1cf6307d-9f13-da89-1968-aa0b0a334a6e" executionId="c840ddb4-49d4-45c9-a041-204546ab4394" testListId="8c84fa94-04c1-424b-9868-57a2d4851a1d" />
    <TestEntry testId="4e0eaa06-3ef0-f60a-0758-6affa42eab35" executionId="f1fe9c21-9ad8-4cdb-9802-00624a4b050d" testListId="8c84fa94-04c1-424b-9868-57a2d4851a1d" />
    <TestEntry testId="745c2c26-8651-ec70-920e-6efb9be74b83" executionId="078bb80f-d585-4334-9f4b-8817658dbedd" testListId="8c84fa94-04c1-424b-9868-57a2d4851a1d" />
    <TestEntry testId="7ae9ebf3-24a9-f0b3-0280-8a9064a7cf3b" executionId="e7bc9af2-d8b1-4bc7-b252-ef1ab62b424b" testListId="8c84fa94-04c1-424b-9868-57a2d4851a1d" />
    <TestEntry testId="1bf898fb-d115-ab3a-d26e-ba8b160b7da4" executionId="493f7fe7-ff44-4166-8280-8cce5de3cbf9" testListId="8c84fa94-04c1-424b-9868-57a2d4851a1d" />
    <TestEntry testId="9297e32c-83a2-68ea-da13-8997089862d2" executionId="c717860d-59e9-4e72-944d-80d663756e29" testListId="8c84fa94-04c1-424b-9868-57a2d4851a1d" />
    <TestEntry testId="38502e21-d327-2a9b-32ab-ac80605c8ca5" executionId="bdae22dd-4c8a-442e-ba3d-8dbebae0646c" testListId="8c84fa94-04c1-424b-9868-57a2d4851a1d" />
    <TestEntry testId="42a9399f-d17a-c5a4-1d6e-c0ab41037521" executionId="0a65e8b3-af40-43c1-a05c-b0b68adb817a" testListId="8c84fa94-04c1-424b-9868-57a2d4851a1d" />
    <TestEntry testId="631d0f0d-b10d-59bf-d02d-10ebd99cbc1c" executionId="fa757574-12f5-47be-a8a5-4336f6ec3908" testListId="8c84fa94-04c1-424b-9868-57a2d4851a1d" />
    <TestEntry testId="2f01ac6c-4c73-6508-8db8-77a41c6e1b75" executionId="37cba069-86bd-4869-b720-bb22e59711ef" testListId="8c84fa94-04c1-424b-9868-57a2d4851a1d" />
    <TestEntry testId="fa1787bb-f331-78a3-9dbf-eeb198600b42" executionId="208e5300-c9d7-40d5-8c18-c6eb1db93ad2" testListId="8c84fa94-04c1-424b-9868-57a2d4851a1d" />
    <TestEntry testId="9a984933-199a-6e4f-110e-c788408a40b1" executionId="9eaf77f7-aeb6-44c0-a05e-02fffafed9c5" testListId="8c84fa94-04c1-424b-9868-57a2d4851a1d" />
    <TestEntry testId="b438eb67-dd31-271b-c5f9-3c1a10a5ed47" executionId="22137bdc-0c63-45aa-a6c5-0315a84de717" testListId="8c84fa94-04c1-424b-9868-57a2d4851a1d" />
    <TestEntry testId="c6071447-99cf-7e91-7056-d20aa4b661c9" executionId="3c50d5c5-575d-4ffc-9fee-4f124ff8b1de" testListId="8c84fa94-04c1-424b-9868-57a2d4851a1d" />
    <TestEntry testId="3b43ffc3-5062-5703-4ddb-325d49c2b69c" executionId="dd440439-be17-4e99-bd30-1ff442638099" testListId="8c84fa94-04c1-424b-9868-57a2d4851a1d" />
    <TestEntry testId="69d5b6c9-597e-484d-0275-c07158e9e609" executionId="101efdb4-886e-4592-adae-887b63df4955" testListId="8c84fa94-04c1-424b-9868-57a2d4851a1d" />
    <TestEntry testId="018e32ed-7139-801d-e3c3-ebd5a9a206e7" executionId="ba3b041b-fab9-4397-a081-aaa9c5fd8ca4" testListId="8c84fa94-04c1-424b-9868-57a2d4851a1d" />
    <TestEntry testId="3396f5c4-2c49-359d-7268-da600eb0a674" executionId="83007ec9-8cdf-49d8-9a0b-41b88cf2a133" testListId="8c84fa94-04c1-424b-9868-57a2d4851a1d" />
    <TestEntry testId="ddade52a-c016-f121-9396-602929734ac1" executionId="c0b216da-f21d-4df2-983e-5672221085b8" testListId="8c84fa94-04c1-424b-9868-57a2d4851a1d" />
    <TestEntry testId="b1421906-bcd3-8b07-77fe-f717e4f1f7ce" executionId="d19b7ea0-d8e6-43ed-a9dd-e90ddc4bbb75" testListId="8c84fa94-04c1-424b-9868-57a2d4851a1d" />
    <TestEntry testId="846ac8b9-926a-5f08-067a-fcce3be0065e" executionId="e82fd162-e2fd-4ed1-8a82-344171662a8d" testListId="8c84fa94-04c1-424b-9868-57a2d4851a1d" />
    <TestEntry testId="bf36783f-526e-fff9-e09e-73bac5ec60b1" executionId="f5585069-4ca2-43bc-9e1b-1bdd3868d0c6" testListId="8c84fa94-04c1-424b-9868-57a2d4851a1d" />
    <TestEntry testId="306366c6-541f-89fb-540e-216fab951302" executionId="eeb62140-fee2-475f-ace3-15e3d2a70f25" testListId="8c84fa94-04c1-424b-9868-57a2d4851a1d" />
    <TestEntry testId="31f0f071-bbba-34b7-33ac-3ede4e2fcc7a" executionId="1d5aa0cd-3367-40f5-8dab-3b9b7daf863d" testListId="8c84fa94-04c1-424b-9868-57a2d4851a1d" />
    <TestEntry testId="222c0060-5a1b-5f29-8f98-016567d90d61" executionId="2469e105-18a7-4579-acc8-b2ff5aeaefb5" testListId="8c84fa94-04c1-424b-9868-57a2d4851a1d" />
    <TestEntry testId="308e0762-b985-e076-f61e-dfc7a6905a92" executionId="7213873f-11bc-498e-bfc0-7f7489868473" testListId="8c84fa94-04c1-424b-9868-57a2d4851a1d" />
    <TestEntry testId="c570ab8e-6548-572b-860f-fcbef22ad18b" executionId="cbb47fe1-cadd-4e7e-a7e6-39047adeba96" testListId="8c84fa94-04c1-424b-9868-57a2d4851a1d" />
    <TestEntry testId="55c12e47-aca3-b919-1fbc-5915f157539f" executionId="b4f16ff7-2e51-47f3-adca-d90fce06afff" testListId="8c84fa94-04c1-424b-9868-57a2d4851a1d" />
    <TestEntry testId="5a1be1a9-7539-5c54-585a-4e5fe1087a62" executionId="1f37e41d-2dcc-471d-b3e9-64f8d5edc8bf" testListId="8c84fa94-04c1-424b-9868-57a2d4851a1d" />
    <TestEntry testId="8bd6eb54-ed44-0545-f288-42955e39812f" executionId="e087ae62-8345-4882-bfef-dd93307cc85b" testListId="8c84fa94-04c1-424b-9868-57a2d4851a1d" />
    <TestEntry testId="89478477-109b-984d-9fb1-c49b4fc8b67f" executionId="b9875416-127d-41ea-968b-7c5c1ef295b1" testListId="8c84fa94-04c1-424b-9868-57a2d4851a1d" />
    <TestEntry testId="b1bf3189-41ef-1b67-a6de-a7214ccc5ae6" executionId="31bc4276-8cb4-42b1-bc00-23b44f6f83b4" testListId="8c84fa94-04c1-424b-9868-57a2d4851a1d" />
    <TestEntry testId="fccdab6f-e577-fcc2-e3e2-6108cf2a25a7" executionId="0bb0132c-a3f8-4b3e-bfde-99fb18353377" testListId="8c84fa94-04c1-424b-9868-57a2d4851a1d" />
    <TestEntry testId="923cc5cd-2e82-a6e1-42d0-367aad9eba06" executionId="9f2ca318-9406-4d96-89e2-5721202ab357" testListId="8c84fa94-04c1-424b-9868-57a2d4851a1d" />
    <TestEntry testId="ce9f63af-d7eb-d425-3245-4c13e2b646e5" executionId="8416f179-abd9-425e-89cb-7742556facc8" testListId="8c84fa94-04c1-424b-9868-57a2d4851a1d" />
    <TestEntry testId="0640e655-52c8-36aa-b9bc-a93a3e5a1f3d" executionId="76cf367c-6a5c-4a1b-83d8-db40d08c4aa9" testListId="8c84fa94-04c1-424b-9868-57a2d4851a1d" />
    <TestEntry testId="d5d8aaf0-66d6-1a89-4500-aa7af043f4c4" executionId="7074b8a7-1385-413a-addc-a9783ff3e027" testListId="8c84fa94-04c1-424b-9868-57a2d4851a1d" />
    <TestEntry testId="8dafc77c-f8f1-a535-f009-9e1427402e90" executionId="227cca56-0ece-46ba-888c-4182fe3ccc6c" testListId="8c84fa94-04c1-424b-9868-57a2d4851a1d" />
    <TestEntry testId="9738c013-0e97-24a7-b882-a58bbe004b0c" executionId="c5fe06aa-c7d6-423f-ba30-09b5cd8253f0" testListId="8c84fa94-04c1-424b-9868-57a2d4851a1d" />
    <TestEntry testId="9068d4f7-7b42-1798-a3ff-0334b566b96b" executionId="b1bd8e87-bd7c-4a77-b224-18e4950ed811" testListId="8c84fa94-04c1-424b-9868-57a2d4851a1d" />
    <TestEntry testId="2d236539-7dbd-044a-fb5c-9019236cba04" executionId="2c6bfd3a-4dac-487a-bd9d-79a0cd483c4f" testListId="8c84fa94-04c1-424b-9868-57a2d4851a1d" />
    <TestEntry testId="6d3cb67f-2e43-d130-7e4a-7cdf5768a6ec" executionId="ebc4c5d9-eb26-4ae1-bb73-414790fda022" testListId="8c84fa94-04c1-424b-9868-57a2d4851a1d" />
    <TestEntry testId="f8c4de7f-2dd5-b3c3-8b05-915629b2ebdf" executionId="a461f777-d185-4b48-8474-b32e12626f40" testListId="8c84fa94-04c1-424b-9868-57a2d4851a1d" />
    <TestEntry testId="a9e4f909-7661-93bd-e504-71e186be38b7" executionId="15da31d8-d5f9-4c91-af97-1cd433292763" testListId="8c84fa94-04c1-424b-9868-57a2d4851a1d" />
    <TestEntry testId="660f4b9d-ef10-354d-dfa4-d851b78146f9" executionId="5ee447cd-c20b-48a4-9105-87c95fdded9a" testListId="8c84fa94-04c1-424b-9868-57a2d4851a1d" />
    <TestEntry testId="7e4c85ee-094d-44cb-53b6-bd8867ce055b" executionId="a2f98f96-3c69-4410-8e9e-326b753689bb" testListId="8c84fa94-04c1-424b-9868-57a2d4851a1d" />
    <TestEntry testId="86a675b4-171e-413f-d2d0-0d78cf0fd03b" executionId="e27558d3-f07b-4754-921f-f805f1392832" testListId="8c84fa94-04c1-424b-9868-57a2d4851a1d" />
    <TestEntry testId="51af7c1d-381e-2999-9c8c-43112e65d293" executionId="4601cede-053c-4144-8166-4f9dc6f5c02b" testListId="8c84fa94-04c1-424b-9868-57a2d4851a1d" />
    <TestEntry testId="5e2acfcc-cd3f-506e-a783-49db9dfc2777" executionId="7ff4b6c5-06d3-4040-9b39-c2452252a0f3" testListId="8c84fa94-04c1-424b-9868-57a2d4851a1d" />
    <TestEntry testId="30aff63f-92f6-5b3b-dc10-3fc68ecfd817" executionId="7ca60042-d3b8-4d71-9593-b06bd530f5f0" testListId="8c84fa94-04c1-424b-9868-57a2d4851a1d" />
    <TestEntry testId="3b56bc0d-7b79-093c-b2fc-b552397d3f1a" executionId="6ed23788-450d-457f-bf5e-1caf00457742" testListId="8c84fa94-04c1-424b-9868-57a2d4851a1d" />
    <TestEntry testId="bf8997fe-8d03-9d79-5f26-1ff2919f247e" executionId="08ec5e49-0345-46df-bd85-62ffd476cdc5" testListId="8c84fa94-04c1-424b-9868-57a2d4851a1d" />
    <TestEntry testId="dafc617e-e528-152c-5c90-e19841248f21" executionId="b12dc6f2-f253-40a1-b99e-51141bb35a9f" testListId="8c84fa94-04c1-424b-9868-57a2d4851a1d" />
    <TestEntry testId="7b361946-943a-f0c0-0703-883b23b40b48" executionId="5f3c2c72-a129-4124-904a-48593ad12560" testListId="8c84fa94-04c1-424b-9868-57a2d4851a1d" />
  </TestEntries>
  <TestLists>
    <TestList name="Resultados que não estão em uma lista" id="8c84fa94-04c1-424b-9868-57a2d4851a1d" />
    <TestList name="Todos os resultados carregados" id="19431567-8539-422a-85d7-44ee4e166bda" />
  </TestLists>
  <ResultSummary outcome="Completed">
    <Counters total="68" executed="68" passed="68" failed="0" error="0" timeout="0" aborted="0" inconclusive="0" passedButRunAborted="0" notRunnable="0" notExecuted="0" disconnected="0" warning="0" completed="0" inProgress="0" pending="0" />
    <Output>
      <StdOut>[xUnit.net 00:00:00.00] xUnit.net VSTest Adapter v3.1.4+50e68bbb8b (64-bit .NET 10.0.11)&#xD;
[xUnit.net 00:00:01.08]   Discovering: GymTrack.Tests&#xD;
[xUnit.net 00:00:01.16]   Discovered:  GymTrack.Tests&#xD;
[xUnit.net 00:00:01.21]   Starting:    GymTrack.Tests&#xD;
[xUnit.net 00:00:02.86]   Finished:    GymTrack.Tests&#xD;
</StdOut>
    </Output>
  </ResultSummary>
</TestRun>